warning: The `UV_NATIVE_TLS` environment variable is deprecated and will be removed in a future release. Use `UV_SYSTEM_CERTS` instead.
{
  "n": 13,
  "outer_side": "399/100",
  "square_side": "9977/10000",
  "placements": 312,
  "net": {
    "size": 182,
    "limit": "207107/500000",
    "uniform_steps": 181,
    "strictly_increasing": true
  },
  "K0": {
    "holds": true,
    "failures": [],
    "net_placements": 168,
    "mirror_placements": 144,
    "net_indices_used": [
      0,
      1,
      3,
      5,
      6,
      7,
      9,
      10,
      14,
      15,
      18,
      24,
      27,
      31,
      40,
      52,
      61,
      81,
      93,
      94,
      112,
      119,
      123,
      130,
      144,
      154,
      179
    ],
    "net_half_tangents_used": [
      "0",
      "207107/90500000",
      "621321/90500000",
      "207107/18100000",
      "621321/45250000",
      "1449749/90500000",
      "1863963/90500000",
      "207107/9050000",
      "1449749/45250000",
      "621321/18100000",
      "1863963/45250000",
      "621321/11312500",
      "5591889/90500000",
      "6420317/90500000",
      "207107/2262500",
      "2692391/22625000",
      "12633527/90500000",
      "16775667/90500000",
      "19260951/90500000",
      "9734029/45250000",
      "1449749/5656250",
      "24645733/90500000",
      "25474161/90500000",
      "2692391/9050000",
      "1863963/5656250",
      "15947239/45250000",
      "37072153/90500000"
    ],
    "distinct_half_tangents": 53,
    "distinct_orientations": 53
  },
  "K1": {
    "holds": true,
    "failures": [],
    "corners_checked": 1248
  },
  "K2": {
    "holds": true,
    "max_depth": "1",
    "max_depth_float": 1.0,
    "attaining_vertices": 110140,
    "first_attaining_vertex": [
      "5091/340000",
      "5091/340000"
    ],
    "vertices": 442084,
    "edge_lines": 1248,
    "distinct_lines": 1180,
    "crossing_pairs": 687300,
    "inside_pairs": 442084,
    "depth_histogram": {
      "0": 38892,
      "1/32": 16,
      "1/16": 40,
      "3/32": 16,
      "1/8": 144,
      "5/32": 15268,
      "3/16": 752,
      "7/32": 896,
      "1/4": 912,
      "9/32": 6580,
      "5/16": 17968,
      "11/32": 3456,
      "3/8": 3584,
      "13/32": 9624,
      "7/16": 2712,
      "15/32": 2152,
      "1/2": 85224,
      "17/32": 17416,
      "9/16": 10744,
      "19/32": 5252,
      "5/8": 7408,
      "21/32": 25120,
      "11/16": 13876,
      "23/32": 4752,
      "3/4": 7776,
      "25/32": 6056,
      "13/16": 6040,
      "27/32": 3888,
      "7/8": 25872,
      "29/32": 2256,
      "15/16": 4948,
      "31/32": 2304,
      "1": 110140
    },
    "enumeration_seconds": 1.288,
    "depth_seconds": 67.426
  },
  "K3": {
    "holds": false,
    "total_weight": "85/8",
    "n": 13
  },
  "D4": {
    "holds": true,
    "corner_multiset_invariant": {
      "identity": true,
      "rotation by 90": true,
      "rotation by 180": true,
      "rotation by 270": true,
      "reflection in x = L/2": true,
      "reflection in y = L/2": true,
      "reflection in y = x": true,
      "reflection in x + y = L": true
    },
    "triple_multiset_invariant": {
      "identity": true,
      "rotation by 90": true,
      "rotation by 180": true,
      "rotation by 270": true,
      "reflection in x = L/2": true,
      "reflection in y = L/2": true,
      "reflection in y = x": true,
      "reflection in x + y = L": true
    },
    "orbit_count_if_free": "39"
  },
  "regime": "net",
  "symmetric_only": true,
  "proved": false,
  "theorem": null,
  "seconds": 69.055,
  "record": "campaign/series/series-000-smoke-and-calibration/results/agenda-040/exp-214-n13-399-100-family-polished.json",
  "sha256": "a1bcc8b23b2328619b7d52acf90106b005d5d0e8d2ff6fb8cc42dea63edf3ded",
  "retained_sha256_matches": false
}
