placements 256 -> 256, folded 0, total 69108067726641750741624505149791796918485569247896854021179141520421873464287196304438256505233048378050818906921983388195068322081758327716228247283799/5370796987084810374976171296645339772505378785426704131369413673624694367148594846853201590205754022295924255955456827582784269246029903693000581771200 = 12.867376646860114
warning: The `UV_NATIVE_TLS` environment variable is deprecated and will be removed in a future release. Use `UV_SYSTEM_CERTS` instead.
{"path": "campaign/series/series-000-smoke-and-calibration/results/agenda-040/exp-218-n17-23-5-family-merged.json", "placements": 256, "source_total_float": 12.867376646860114, "kind": "rounded", "scalings": 0, "exact_total": "874999999/62500000", "exact_total_float": 13.999999984, "exact_dual_bound": "14", "dual_exact": false, "dual_gap_float": 1.6e-08, "working_set_vertices": 21877, "max_depth": "1", "vertices": 287456, "proved": false, "failures": ["K3 total weight at least n"], "regime": "net", "stopped": "exact rounded feasible at every vertex after 2 solves", "seconds": 45.2}
warning: The `UV_NATIVE_TLS` environment variable is deprecated and will be removed in a future release. Use `UV_SYSTEM_CERTS` instead.
{
  "n": 17,
  "outer_side": "23/5",
  "square_side": "9977/10000",
  "placements": 256,
  "net": {
    "size": 182,
    "limit": "207107/500000",
    "uniform_steps": 181,
    "strictly_increasing": true
  },
  "K0": {
    "holds": true,
    "failures": [],
    "net_placements": 144,
    "mirror_placements": 112,
    "net_indices_used": [
      0,
      1,
      2,
      4,
      5,
      6,
      8,
      15,
      25,
      34,
      63,
      71,
      79,
      127,
      141,
      143,
      146,
      147,
      153,
      157,
      158,
      175,
      178,
      179,
      180,
      181
    ],
    "net_half_tangents_used": [
      "0",
      "207107/90500000",
      "207107/45250000",
      "207107/22625000",
      "207107/18100000",
      "621321/45250000",
      "207107/11312500",
      "621321/18100000",
      "207107/3620000",
      "3520819/45250000",
      "13047741/90500000",
      "14704597/90500000",
      "16361453/90500000",
      "26302589/90500000",
      "29202087/90500000",
      "29616301/90500000",
      "15118811/45250000",
      "30444729/90500000",
      "31687371/90500000",
      "32515799/90500000",
      "16361453/45250000",
      "1449749/3620000",
      "18432523/45250000",
      "37072153/90500000",
      "1863963/4525000",
      "207107/500000"
    ],
    "distinct_half_tangents": 51,
    "distinct_orientations": 51
  },
  "K1": {
    "holds": true,
    "failures": [],
    "corners_checked": 1024
  },
  "K2": {
    "holds": true,
    "max_depth": "1",
    "max_depth_float": 1.0,
    "attaining_vertices": 22536,
    "first_attaining_vertex": [
      "11943/820000",
      "11943/820000"
    ],
    "vertices": 287456,
    "edge_lines": 1024,
    "distinct_lines": 956,
    "crossing_pairs": 451460,
    "inside_pairs": 287456,
    "depth_histogram": {
      "0": 34636,
      "199999999/1000000000": 3040,
      "3/10": 88,
      "7/20": 560,
      "199999999/500000000": 9028,
      "399999999/1000000000": 8,
      "2/5": 42996,
      "449999999/1000000000": 16,
      "499999999/1000000000": 320,
      "1/2": 1624,
      "599999997/1000000000": 11600,
      "299999999/500000000": 300,
      "599999999/1000000000": 14112,
      "649999997/1000000000": 1264,
      "324999999/500000000": 160,
      "699999997/1000000000": 1464,
      "349999999/500000000": 568,
      "749999997/1000000000": 192,
      "199999999/250000000": 6844,
      "799999997/1000000000": 7592,
      "399999999/500000000": 6440,
      "4/5": 52492,
      "212499999/250000000": 4328,
      "849999997/1000000000": 304,
      "224999999/250000000": 33360,
      "899999997/1000000000": 104,
      "237499999/250000000": 4912,
      "249999999/250000000": 15312,
      "999999997/1000000000": 1024,
      "999999999/1000000000": 10232,
      "1": 22536
    },
    "enumeration_seconds": 0.841,
    "depth_seconds": 30.449
  },
  "K3": {
    "holds": false,
    "total_weight": "874999999/62500000",
    "n": 17
  },
  "D4": {
    "holds": true,
    "corner_multiset_invariant": {
      "identity": true,
      "rotation by 90": true,
      "rotation by 180": true,
      "rotation by 270": true,
      "reflection in x = L/2": true,
      "reflection in y = L/2": true,
      "reflection in y = x": true,
      "reflection in x + y = L": true
    },
    "triple_multiset_invariant": {
      "identity": true,
      "rotation by 90": true,
      "rotation by 180": true,
      "rotation by 270": true,
      "reflection in x = L/2": true,
      "reflection in y = L/2": true,
      "reflection in y = x": true,
      "reflection in x + y = L": true
    },
    "orbit_count_if_free": "32"
  },
  "regime": "net",
  "symmetric_only": true,
  "proved": false,
  "theorem": null,
  "seconds": 31.49,
  "record": "campaign/series/series-000-smoke-and-calibration/results/agenda-040/exp-218-n17-23-5-family-polished.json",
  "sha256": "aa5c654e0f5e0dc0fc1cf1e4a629490193d5464b90d5f1a8ff97df8be587a467",
  "retained_sha256_matches": false
}
