0x1.e6fec2f2fe23bp-13
0x0p+0
0x0p+0
0x0p+0
0x1.e6fec2e2a6f19p-15
0x1.e6fec2e2a70cdp-15
0x1.e6fec2f2fe23bp-13
0x0p+0
0x0p+0
0x0p+0
0x1.e8651fb0b4163p-15
0x1.e8651fb0b4111p-15
0x1.69658420daa7fp-7 0x1.69658420dab01p-7
0x1.e6fec2f2fe23bp-13
0x0p+0
0x0p+0
0x0p+0
0x1.050afad434d25p-14
0x1.050afad434d13p-14
0x1.69658420daa7fp-7 0x1.69658420dab01p-7
0x1.e6fec2f2fe23bp-13
0x0p+0
0x0p+0
0x0p+0
0x1.3ca3a00cdec9fp-14
0x1.3ca3a00cdec33p-14
0x1.69658420daa7fp-7 0x1.69658420dab01p-7
0x1.e6fec2f2fe23bp-13
0x0p+0
0x0p+0
0x0p+0
0x1.6772c70fdc9b8p-14
0x1.6772c70fdca84p-14
0x1.69658420daa7fp-7 0x1.69658420dab01p-7
0x1.2f94d69e201dep-15
0x0p+0
0x0p+0
0x0p+0
0x1.2f94d693f07cdp-17
0x1.2f94d693f07cdp-17
0x1.2f94d69e201dep-15
0x0p+0
0x0p+0
0x0p+0
0x1.2f94d693f07cdp-17
0x1.2f94d693f04bap-17
0x1.8a40330c916ffp-8 0x1.8a40330c91901p-8
0x1.2f94d69e201dep-15
0x0p+0
0x0p+0
0x0p+0
0x1.2f94d693f096cp-17
0x1.2f94d693f07cdp-17
0x1.8a40330c916ffp-8 0x1.8a40330c91901p-8
0x1.2f94d69e201dep-15
0x0p+0
0x0p+0
0x0p+0
0x1.2f94d693f022ep-17
0x1.2f94d693f06b3p-17
0x1.8a40330c916ffp-8 0x1.8a40330c91901p-8
0x1.2f94d69e201dep-15
0x0p+0
0x0p+0
0x0p+0
0x1.2f94d693f04b5p-17
0x1.2f94d693f04bap-17
0x1.8a40330c916ffp-8 0x1.8a40330c91901p-8
0x1.0044dbc1043ecp-12
0x0p+0
0x0p+0
0x0p+0
0x1.0044dbb86b12bp-14
0x1.0044dbb86b02bp-14
0x1.0044dbc1043ecp-12
0x0p+0
0x0p+0
0x0p+0
0x1.0044dbb86b02bp-14
0x1.0044dbb86af2bp-14
0x1.00226b902263fp-6 0x1.00226b90226c1p-6
0x1.0044dbc1043ecp-12
0x0p+0
0x0p+0
0x0p+0
0x1.0044dbb86af2bp-14
0x1.0044dbb86aeb2p-14
0x1.00226b902263fp-6 0x1.00226b90226c1p-6
0x1.0044dbc1043ecp-12
0x0p+0
0x0p+0
0x0p+0
0x1.0044dbb86ae8fp-14
0x1.0044dbb86ae8fp-14
0x1.00226b902263fp-6 0x1.00226b90226c1p-6
0x1.0044dbc1043ecp-12
0x0p+0
0x0p+0
0x0p+0
0x1.0044dbb86b02ap-14
0x1.0044dbb86b02dp-14
0x1.00226b902263fp-6 0x1.00226b90226c1p-6
0x1.0044dbc10445cp-9
0x0p+0
0x0p+0
0x0p+0
0x1.0044dbb86b073p-11
0x1.0044dbb86b07bp-11
0x1.0044dbc10445cp-9
0x0p+0
0x0p+0
0x0p+0
0x1.f829a8975668dp-12
0x1.f829a8975666dp-12
0x1.00226b90226afp-3 0x1.00226b90226b9p-3
0x1.0044dbc10445cp-9
0x0p+0
0x0p+0
0x0p+0
0x1.2e97ddc41dccfp-12
0x1.2e97ddc41dcd3p-12
0x1.00226b90226afp-3 0x1.00226b90226b9p-3
0x1.0044dbc10445cp-9
0x0p+0
0x0p+0
0x0p+0
0x1.5f08403b05dbep-14
0x1.5f08403b05dbfp-14
0x1.00226b90226afp-3 0x1.00226b90226b9p-3
0x1.0044dbc10445cp-9
0x0p+0
0x0p+0
0x0p+0
0x1.0045183a90eb5p-14
0x1.0045183a90eb5p-14
0x1.00226b90226afp-3 0x1.00226b90226b9p-3
0x1.2ea040eeddf26p-15
0x0p+0
0x0p+0
0x0p+0
0x1.2ea040e4b68e7p-17
0x1.2ea040e4b65d3p-17
0x1.2ea040eeddf26p-15
0x0p+0
0x0p+0
0x0p+0
0x1.2ea040e4b68e9p-17
0x1.2ea040e4b65d5p-17
0x1.89a141e29edffp-8 0x1.89a141e29f001p-8
0x1.2ea040eeddf26p-15
0x0p+0
0x0p+0
0x0p+0
0x1.2ea040e4b6a85p-17
0x1.2ea040e4b68e7p-17
0x1.89a141e29edffp-8 0x1.89a141e29f001p-8
0x1.2ea040eeddf26p-15
0x0p+0
0x0p+0
0x0p+0
0x1.2ea040e4b67b3p-17
0x1.2ea040e4b6a1bp-17
0x1.89a141e29edffp-8 0x1.89a141e29f001p-8
0x1.2ea040eeddf26p-15
0x0p+0
0x0p+0
0x0p+0
0x1.2ea040e4b6f09p-17
0x1.2ea040e4b68e6p-17
0x1.89a141e29edffp-8 0x1.89a141e29f001p-8
0x1.2dfd694ccaa81p-15
0x0p+0
0x0p+0
0x0p+0
0x1.2dfd6942a88b1p-17
0x1.2dfd6942a88b1p-17
0x1.2dfd694ccaa81p-15
0x0p+0
0x0p+0
0x0p+0
0x1.2dfd6942a87edp-17
0x1.2dfd6942a8977p-17
0x1.89374bc6a7e7fp-8 0x1.89374bc6a7f81p-8
0x1.2dfd694ccaa81p-15
0x0p+0
0x0p+0
0x0p+0
0x1.2dfd6942a898bp-17
0x1.2dfd6942a898bp-17
0x1.89374bc6a7e7fp-8 0x1.89374bc6a7f81p-8
0x1.2dfd694ccaa81p-15
0x0p+0
0x0p+0
0x0p+0
0x1.2dfd6942a8ad5p-17
0x1.2dfd6942a8ad5p-17
0x1.89374bc6a7e7fp-8 0x1.89374bc6a7f81p-8
0x1.2dfd694ccaa81p-15
0x0p+0
0x0p+0
0x0p+0
0x1.2dfd6942a8c84p-17
0x1.2dfd6942a8bp-17
0x1.89374bc6a7e7fp-8 0x1.89374bc6a7f81p-8
0x1.ffffffffffefdp-13
0x0p+0
0x0p+0
0x0p+0
0x1.ffffffeed1ff9p-15
0x1.ffffffeed21f9p-15
0x1.ffffffffffefdp-13
0x0p+0
0x0p+0
0x0p+0
0x1.ffffffeed1df7p-15
0x1.ffffffeed1df5p-15
0x1.fffffffffff7fp-7 0x1.0000000000041p-6
0x1.ffffffffffefdp-13
0x0p+0
0x0p+0
0x0p+0
0x1.ffffffeed2103p-15
0x1.ffffffeed1e0fp-15
0x1.fffffffffff7fp-7 0x1.0000000000041p-6
0x1.ffffffffffefdp-13
0x0p+0
0x0p+0
0x0p+0
0x1.ffffffeed1f3dp-15
0x1.ffffffeed1dabp-15
0x1.fffffffffff7fp-7 0x1.0000000000041p-6
0x1.ffffffffffefdp-13
0x0p+0
0x0p+0
0x0p+0
0x1.ffffffeed1df4p-15
0x1.ffffffeed1df9p-15
0x1.fffffffffff7fp-7 0x1.0000000000041p-6
0x1.fffffffffffd5p-9
0x0p+0
0x0p+0
0x0p+0
0x1.ffffffeed1f99p-11
0x1.ffffffeed1ef9p-11
0x1.fffffffffffd5p-9
0x0p+0
0x0p+0
0x0p+0
0x1.fc0417629e667p-11
0x1.fc0417629e5e5p-11
0x1.ffffffffffff7p-4 0x1.0000000000005p-3
0x1.fffffffffffd5p-9
0x0p+0
0x0p+0
0x0p+0
0x1.9c2199a73f504p-11
0x1.9c2199a73f51dp-11
0x1.ffffffffffff7p-4 0x1.0000000000005p-3
0x1.fffffffffffd5p-9
0x0p+0
0x0p+0
0x0p+0
0x1.5ea9ee1405f34p-12
0x1.5ea9ee1405f24p-12
0x1.ffffffffffff7p-4 0x1.0000000000005p-3
0x1.fffffffffffd5p-9
0x0p+0
0x0p+0
0x0p+0
0x1.00003c694cc2ap-12
0x1.00003c694cbe9p-12
0x1.ffffffffffff7p-4 0x1.0000000000005p-3
0x1.fffffffffffadp-10
0x0p+0
0x0p+0
0x0p+0
0x1.ffffffeed1fb9p-12
0x1.ffffffeed1fb9p-12
0x1.fffffffffffadp-10
0x0p+0
0x0p+0
0x0p+0
0x1.f7a2312ecc147p-12
0x1.f7a2312ecc145p-12
0x1.fffffffffffefp-4 0x1.0000000000009p-3
0x1.fffffffffffadp-10
0x0p+0
0x0p+0
0x0p+0
0x1.2e468f8bb7b1fp-12
0x1.2e468f8bb7a1fp-12
0x1.fffffffffffefp-4 0x1.0000000000009p-3
0x1.fffffffffffadp-10
0x0p+0
0x0p+0
0x0p+0
0x1.5ea9ee1406024p-14
0x1.5ea9ee1405ef4p-14
0x1.fffffffffffefp-4 0x1.0000000000009p-3
0x1.fffffffffffadp-10
0x0p+0
0x0p+0
0x0p+0
0x1.00003c694cbaap-14
0x1.00003c694cbe9p-14
0x1.fffffffffffefp-4 0x1.0000000000009p-3
0x1.ffffffffffdddp-13
0x0p+0
0x0p+0
0x0p+0
0x1.ffffffeed1f79p-15
0x1.ffffffeed1f79p-15
0x1.ffffffffffdddp-13
0x0p+0
0x0p+0
0x0p+0
0x1.ef11639af6e48p-15
0x1.ef11639af6dcap-15
0x1.fffffffffffdfp-5 0x1.0000000000011p-4
0x1.ffffffffffdddp-13
0x0p+0
0x0p+0
0x0p+0
0x1.36eec4f127763p-16
0x1.36eec4f12813fp-16
0x1.fffffffffffdfp-5 0x1.0000000000011p-4
0x1.ffffffffffdddp-13
0x0p+0
0x0p+0
0x0p+0
0x1.5ea9ee1405551p-18
0x1.5ea9ee1405fccp-18
0x1.fffffffffffdfp-5 0x1.0000000000011p-4
0x1.ffffffffffdddp-13
0x0p+0
0x0p+0
0x0p+0
0x1.00003c694cbeap-18
0x1.00003c694cbe9p-18
0x1.fffffffffffdfp-5 0x1.0000000000011p-4
0x1.ffffffffffbddp-15
0x0p+0
0x0p+0
0x0p+0
0x1.ffffffeed2f79p-17
0x1.ffffffeed1ef9p-17
0x1.ffffffffffbddp-15
0x0p+0
0x0p+0
0x0p+0
0x1.bc05d016a2b5p-17
0x1.bc05d016a234ep-17
0x1.fffffffffffdfp-5 0x1.0000000000011p-4
0x1.ffffffffffbddp-15
0x0p+0
0x0p+0
0x0p+0
0x1.36eec4f127b11p-20
0x1.36eec4f1285edp-20
0x1.fffffffffffdfp-5 0x1.0000000000011p-4
0x1.ffffffffffbddp-15
0x0p+0
0x0p+0
0x0p+0
0x1.5ea9ee1405551p-22
0x1.5ea9ee14062ccp-22
0x1.fffffffffffdfp-5 0x1.0000000000011p-4
0x1.ffffffffffbddp-15
0x0p+0
0x0p+0
0x0p+0
0x1.00003c694d3eap-22
0x1.00003c694d3e9p-22
0x1.fffffffffffdfp-5 0x1.0000000000011p-4
0x1.0044dbc1044e4p-10
0x0p+0
0x0p+0
0x0p+0
0x1.0044dbb86ae73p-12
0x1.0044dbb86b07bp-12
0x1.0044dbc1044e4p-10
0x0p+0
0x0p+0
0x0p+0
0x1.ef968d32908d3p-13
0x1.ef968d3290cc5p-13
0x1.00226b90226b7p-3 0x1.00226b90226c1p-3
0x1.0044dbc1044e4p-10
0x0p+0
0x0p+0
0x0p+0
0x1.3742674629f5p-14
0x1.3742674629a32p-14
0x1.00226b90226b7p-3 0x1.00226b90226c1p-3
0x1.0044dbc1044e4p-10
0x0p+0
0x0p+0
0x0p+0
0x1.5f08403b0638cp-16
0x1.5f08403b05e0ep-16
0x1.00226b90226b7p-3 0x1.00226b90226c1p-3
0x1.0044dbc1044e4p-10
0x0p+0
0x0p+0
0x0p+0
0x1.0045183a90d35p-16
0x1.0045183a91135p-16
0x1.00226b90226b7p-3 0x1.00226b90226c1p-3
0x1.043c1e04b140dp-11
0x0p+0
0x0p+0
0x0p+0
0x1.043c1dfbf5e55p-13
0x1.043c1dfbf5f57p-13
0x1.043c1e04b140dp-11
0x0p+0
0x0p+0
0x0p+0
0x1.036cc2d8a99b5p-13
0x1.036cc2d8a9ab7p-13
0x1.021bd5d34b77fp-5 0x1.021bd5d34b801p-5
0x1.043c1e04b140dp-11
0x0p+0
0x0p+0
0x0p+0
0x1.dfdc80e219577p-14
0x1.dfdc80e219367p-14
0x1.021bd5d34b77fp-5 0x1.021bd5d34b801p-5
0x1.043c1e04b140dp-11
0x0p+0
0x0p+0
0x0p+0
0x1.5f2f48e968d4fp-14
0x1.5f2f48e968a96p-14
0x1.021bd5d34b77fp-5 0x1.021bd5d34b801p-5
0x1.043c1e04b140dp-11
0x0p+0
0x0p+0
0x0p+0
0x1.043c5b6dd2f3ep-14
0x1.043c5b6dd3143p-14
0x1.021bd5d34b77fp-5 0x1.021bd5d34b801p-5
0x1.01c7303ffbb25p-8
0x0p+0
0x0p+0
0x0p+0
0x1.01c73037556bbp-10
0x1.01c730375573bp-10
0x1.01c7303ffbb25p-8
0x0p+0
0x0p+0
0x0p+0
0x1.01c73037555fbp-10
0x1.01c73037556fbp-10
0x1.00e3334dfa8dfp-4 0x1.00e3334dfa921p-4
0x1.01c7303ffbb25p-8
0x0p+0
0x0p+0
0x0p+0
0x1.01c730375563bp-10
0x1.01c73037556c3p-10
0x1.00e3334dfa8dfp-4 0x1.00e3334dfa921p-4
0x1.01c7303ffbb25p-8
0x0p+0
0x0p+0
0x0p+0
0x1.01c73037555a7p-10
0x1.01c73037556aap-10
0x1.00e3334dfa8dfp-4 0x1.00e3334dfa921p-4
0x1.01c7303ffbb25p-8
0x0p+0
0x0p+0
0x0p+0
0x1.01c7303755696p-10
0x1.01c730375579cp-10
0x1.00e3334dfa8dfp-4 0x1.00e3334dfa921p-4
0x1.005f4a5970d42p-6
0x0p+0
0x0p+0
0x0p+0
0x1.005f4a50d69afp-8
0x1.005f4a50d69efp-8
0x1.005f4a5970d42p-6
0x0p+0
0x0p+0
0x0p+0
0x1.005f4a50d69afp-8
0x1.005f4a50d69cfp-8
0x1.002fa0be82f97p-3 0x1.002fa0be82fa9p-3
0x1.005f4a5970d42p-6
0x0p+0
0x0p+0
0x0p+0
0x1.005f4a50d69f1p-8
0x1.005f4a50d69f1p-8
0x1.002fa0be82f97p-3 0x1.002fa0be82fa9p-3
0x1.005f4a5970d42p-6
0x0p+0
0x0p+0
0x0p+0
0x1.005f4a50d6a02p-8
0x1.005f4a50d6a03p-8
0x1.002fa0be82f97p-3 0x1.002fa0be82fa9p-3
0x1.005f4a5970d42p-6
0x0p+0
0x0p+0
0x0p+0
0x1.005f4a50d6a3cp-8
0x1.005f4a50d6a37p-8
0x1.002fa0be82f97p-3 0x1.002fa0be82fa9p-3
0x1.03ab0074b5792p-10
0x0p+0
0x0p+0
0x0p+0
0x1.03ab006bfee97p-12
0x1.03ab006bfef99p-12
0x1.03ab0074b5792p-10
0x0p+0
0x0p+0
0x0p+0
0x1.03ab006bfef59p-12
0x1.03ab006bfef59p-12
0x1.01d3d4c16583fp-5 0x1.01d3d4c1658c1p-5
0x1.03ab0074b5792p-10
0x0p+0
0x0p+0
0x0p+0
0x1.03ab006bfeeffp-12
0x1.03ab006bff07bp-12
0x1.01d3d4c16583fp-5 0x1.01d3d4c1658c1p-5
0x1.03ab0074b5792p-10
0x0p+0
0x0p+0
0x0p+0
0x1.03ab006bfeec2p-12
0x1.03ab006bfefe9p-12
0x1.01d3d4c16583fp-5 0x1.01d3d4c1658c1p-5
0x1.03ab0074b5792p-10
0x0p+0
0x0p+0
0x0p+0
0x1.03ab006bff056p-12
0x1.03ab006bff05bp-12
0x1.01d3d4c16583fp-5 0x1.01d3d4c1658c1p-5
0x1.002f9e8768454p-11
0x0p+0
0x0p+0
0x0p+0
0x1.002f9e7ecfb47p-13
0x1.002f9e7ecfac7p-13
0x1.002f9e8768454p-11
0x0p+0
0x0p+0
0x0p+0
0x1.00fbbfbf81bb7p-13
0x1.00fbbfbf81b75p-13
0x1.0017ce285b81fp-6 0x1.0017ce285b861p-6
0x1.002f9e8768454p-11
0x0p+0
0x0p+0
0x0p+0
0x1.142c9d494c6c7p-13
0x1.142c9d494c6fcp-13
0x1.0017ce285b81fp-6 0x1.0017ce285b861p-6
0x1.002f9e8768454p-11
0x0p+0
0x0p+0
0x0p+0
0x1.5382f7eea821cp-13
0x1.5382f7eea81bfp-13
0x1.0017ce285b81fp-6 0x1.0017ce285b861p-6
0x1.002f9e8768454p-11
0x0p+0
0x0p+0
0x0p+0
0x1.80474f7fa67bcp-13
0x1.80474f7fa66dfp-13
0x1.0017ce285b81fp-6 0x1.0017ce285b861p-6
0x1.002fa2f59da68p-9
0x0p+0
0x0p+0
0x0p+0
0x1.002fa2ed04fb9p-11
0x1.002fa2ed05139p-11
0x1.002fa2f59da68p-9
0x0p+0
0x0p+0
0x0p+0
0x1.fec703519663bp-12
0x1.fec703519683cp-12
0x1.0017d05f4179fp-4 0x1.0017d05f417e1p-4
0x1.002fa2f59da68p-9
0x0p+0
0x0p+0
0x0p+0
0x1.d865479413ccdp-12
0x1.d865479413db3p-12
0x1.0017d05f4179fp-4 0x1.0017d05f417e1p-4
0x1.002fa2f59da68p-9
0x0p+0
0x0p+0
0x0p+0
0x1.59b890188922ep-12
0x1.59b89018891b1p-12
0x1.0017d05f4179fp-4 0x1.0017d05f417e1p-4
0x1.002fa2f59da68p-9
0x0p+0
0x0p+0
0x0p+0
0x1.002fdf6a281fp-12
0x1.002fdf6a283fp-12
0x1.0017d05f4179fp-4 0x1.0017d05f417e1p-4
0x1.025816a3c490ep-9
0x0p+0
0x0p+0
0x0p+0
0x1.0258169b19849p-11
0x1.0258169b19849p-11
0x1.025816a3c490ep-9
0x0p+0
0x0p+0
0x0p+0
0x1.018a3d24d0352p-11
0x1.018a3d24d010fp-11
0x1.012b5c4987c8fp-4 0x1.012b5c4987cb1p-4
0x1.025816a3c490ep-9
0x0p+0
0x0p+0
0x0p+0
0x1.dc5ff9de153e5p-12
0x1.dc5ff9de14ec1p-12
0x1.012b5c4987c8fp-4 0x1.012b5c4987cb1p-4
0x1.025816a3c490ep-9
0x0p+0
0x0p+0
0x0p+0
0x1.5ca2178de597bp-12
0x1.5ca2178de546p-12
0x1.012b5c4987c8fp-4 0x1.012b5c4987cb1p-4
0x1.025816a3c490ep-9
0x0p+0
0x0p+0
0x0p+0
0x1.0258539aad827p-12
0x1.0258539aad827p-12
0x1.012b5c4987c8fp-4 0x1.012b5c4987cb1p-4
0x1.fffffffffff75p-8
0x0p+0
0x0p+0
0x0p+0
0x1.ffffffeed2199p-10
0x1.ffffffeed1fc9p-10
0x1.fffffffffff75p-8
0x0p+0
0x0p+0
0x0p+0
0x1.de0947dd3432p-10
0x1.de0947dd3412dp-10
0x1.ffffffffffff7p-2 0x1.0000000000009p-1
0x1.fffffffffff75p-8
0x0p+0
0x0p+0
0x0p+0
0x1.36eec4f127e0dp-12
0x1.36eec4f127dedp-12
0x1.ffffffffffff7p-2 0x1.0000000000009p-1
0x1.fffffffffff75p-8
0x0p+0
0x0p+0
0x0p+0
0x1.5ea9ee1405f4cp-14
0x1.5ea9ee1405fccp-14
0x1.ffffffffffff7p-2 0x1.0000000000009p-1
0x1.fffffffffff75p-8
0x0p+0
0x0p+0
0x0p+0
0x1.00003c694cdeap-14
0x1.00003c694cbe9p-14
0x1.ffffffffffff7p-2 0x1.0000000000009p-1
0x1.fffffffffff5dp-10
0x0p+0
0x0p+0
0x0p+0
0x1.ffffffeed1d79p-12
0x1.ffffffeed1f79p-12
0x1.fffffffffff5dp-10
0x0p+0
0x0p+0
0x0p+0
0x1.f7a2312ecc3c5p-12
0x1.f7a2312ecc145p-12
0x1.fffffffffffdfp-4 0x1.0000000000011p-3
0x1.fffffffffff5dp-10
0x0p+0
0x0p+0
0x0p+0
0x1.2e468f8bb7ad1p-12
0x1.2e468f8bb7a86p-12
0x1.fffffffffffdfp-4 0x1.0000000000011p-3
0x1.fffffffffff5dp-10
0x0p+0
0x0p+0
0x0p+0
0x1.5ea9ee1405f4cp-14
0x1.5ea9ee1405fccp-14
0x1.fffffffffffdfp-4 0x1.0000000000011p-3
0x1.fffffffffff5dp-10
0x0p+0
0x0p+0
0x0p+0
0x1.00003c694cdeap-14
0x1.00003c694cbe9p-14
0x1.fffffffffffdfp-4 0x1.0000000000011p-3
0x1.ffffffffffebdp-11
0x0p+0
0x0p+0
0x0p+0
0x1.ffffffeed20f9p-13
0x1.ffffffeed1ff9p-13
0x1.ffffffffffebdp-11
0x0p+0
0x0p+0
0x0p+0
0x1.01fdf43d82b57p-12
0x1.01fdf43d82b55p-12
0x1.ffffffffffeffp-7 0x1.0000000000081p-6
0x1.ffffffffffebdp-11
0x0p+0
0x0p+0
0x0p+0
0x1.31ef331b324cp-12
0x1.31ef331b324bep-12
0x1.ffffffffffeffp-7 0x1.0000000000081p-6
0x1.ffffffffffebdp-11
0x0p+0
0x0p+0
0x0p+0
0x1.a8558469d0782p-12
0x1.a8558469d0782p-12
0x1.ffffffffffeffp-7 0x1.0000000000081p-6
0x1.ffffffffffebdp-11
0x0p+0
0x0p+0
0x0p+0
0x1.bffff0d47eddbp-12
0x1.bffff0d47ecdbp-12
0x1.ffffffffffeffp-7 0x1.0000000000081p-6
0x1.ffffffffffe7dp-13
0x0p+0
0x0p+0
0x0p+0
0x1.ffffffeed1bf9p-15
0x1.ffffffeed1ff9p-15
0x1.ffffffffffe7dp-13
0x0p+0
0x0p+0
0x0p+0
0x1.ffffffeed1ef8p-15
0x1.ffffffeed1cf7p-15
0x1.fffffffffff7fp-7 0x1.0000000000041p-6
0x1.ffffffffffe7dp-13
0x0p+0
0x0p+0
0x0p+0
0x1.ffffffeed1d5bp-15
0x1.ffffffeed1d5bp-15
0x1.fffffffffff7fp-7 0x1.0000000000041p-6
0x1.ffffffffffe7dp-13
0x0p+0
0x0p+0
0x0p+0
0x1.ffffffeed1d07p-15
0x1.ffffffeed1d06p-15
0x1.fffffffffff7fp-7 0x1.0000000000041p-6
0x1.ffffffffffe7dp-13
0x0p+0
0x0p+0
0x0p+0
0x1.ffffffeed26f2p-15
0x1.ffffffeed1ef9p-15
0x1.fffffffffff7fp-7 0x1.0000000000041p-6
0x1.ffffffffffefdp-11
0x0p+0
0x0p+0
0x0p+0
0x1.ffffffeed21f9p-13
0x1.ffffffeed1ff9p-13
0x1.ffffffffffefdp-11
0x0p+0
0x0p+0
0x0p+0
0x1.ffffffeed1ef7p-13
0x1.ffffffeed1cf6p-13
0x1.fffffffffff7fp-6 0x1.0000000000041p-5
0x1.ffffffffffefdp-11
0x0p+0
0x0p+0
0x0p+0
0x1.ffffffeed1ff7p-13
0x1.ffffffeed1e0fp-13
0x1.fffffffffff7fp-6 0x1.0000000000041p-5
0x1.ffffffffffefdp-11
0x0p+0
0x0p+0
0x0p+0
0x1.ffffffeed1d3ep-13
0x1.ffffffeed1d63p-13
0x1.fffffffffff7fp-6 0x1.0000000000041p-5
0x1.ffffffffffefdp-11
0x0p+0
0x0p+0
0x0p+0
0x1.ffffffeed1df4p-13
0x1.ffffffeed1df9p-13
0x1.fffffffffff7fp-6 0x1.0000000000041p-5
0x1.26ad4a947a48p-6
0x0p+0
0x0p+0
0x0p+0
0x1.26ad4a8a97087p-8
0x1.26ad4a8a970a9p-8
0x1.26ad4a947a48p-6
0x0p+0
0x0p+0
0x0p+0
0x1.24624acf71b13p-8
0x1.24624acf71b35p-8
0x1.12a8936bc0727p-2 0x1.12a8936bc0739p-2
0x1.26ad4a947a48p-6
0x0p+0
0x0p+0
0x0p+0
0x1.da65913ba7752p-9
0x1.da65913ba7789p-9
0x1.12a8936bc0727p-2 0x1.12a8936bc0739p-2
0x1.26ad4a947a48p-6
0x0p+0
0x0p+0
0x0p+0
0x1.93a4866962ef2p-10
0x1.93a4866962f15p-10
0x1.12a8936bc0727p-2 0x1.12a8936bc0739p-2
0x1.26ad4a947a48p-6
0x0p+0
0x0p+0
0x0p+0
0x1.26ad901e4d35cp-10
0x1.26ad901e4d35cp-10
0x1.12a8936bc0727p-2 0x1.12a8936bc0739p-2
0x1.0dcba19a2fad1p-8
0x0p+0
0x0p+0
0x0p+0
0x1.0dcba19122299p-10
0x1.0dcba19122193p-10
0x1.0dcba19a2fad1p-8
0x0p+0
0x0p+0
0x0p+0
0x1.16b7baa64d81dp-10
0x1.16b7baa64d84fp-10
0x1.06cea584961bfp-6 0x1.06cea58496241p-6
0x1.0dcba19a2fad1p-8
0x0p+0
0x0p+0
0x0p+0
0x1.c9ab34fe83fbap-10
0x1.c9ab34fe83fd3p-10
0x1.06cea584961bfp-6 0x1.06cea58496241p-6
0x1.0dcba19a2fad1p-8
0x0p+0
0x0p+0
0x0p+0
0x1.023f25a6eaf8dp-9
0x1.023f25a6eaf79p-9
0x1.06cea584961bfp-6 0x1.06cea58496241p-6
0x1.0dcba19a2fad1p-8
0x0p+0
0x0p+0
0x0p+0
0x1.055d4286fb122p-9
0x1.055d4286fb123p-9
0x1.06cea584961bfp-6 0x1.06cea58496241p-6
0x1.1a5c9fbd405a9p-10
0x0p+0
0x0p+0
0x0p+0
0x1.1a5c9fb3c6e97p-12
0x1.1a5c9fb3c6e11p-12
0x1.1a5c9fbd405a9p-10
0x0p+0
0x0p+0
0x0p+0
0x1.1a5c9fb3c6fc5p-12
0x1.1a5c9fb3c6e32p-12
0x1.0cdba5dda23bfp-5 0x1.0cdba5dda2441p-5
0x1.1a5c9fbd405a9p-10
0x0p+0
0x0p+0
0x0p+0
0x1.1a5c9fb3c6e79p-12
0x1.1a5c9fb3c6debp-12
0x1.0cdba5dda23bfp-5 0x1.0cdba5dda2441p-5
0x1.1a5c9fbd405a9p-10
0x0p+0
0x0p+0
0x0p+0
0x1.1a5c9fb3c6ea5p-12
0x1.1a5c9fb3c6e03p-12
0x1.0cdba5dda23bfp-5 0x1.0cdba5dda2441p-5
0x1.1a5c9fbd405a9p-10
0x0p+0
0x0p+0
0x0p+0
0x1.1a5c9fb3c6fcp-12
0x1.1a5c9fb3c6e75p-12
0x1.0cdba5dda23bfp-5 0x1.0cdba5dda2441p-5
0x1.02852a00e53afp-10
0x0p+0
0x0p+0
0x0p+0
0x1.028529f8389cfp-12
0x1.028529f838a51p-12
0x1.02852a00e53afp-10
0x0p+0
0x0p+0
0x0p+0
0x1.028529f838a1p-12
0x1.028529f83890fp-12
0x1.0141cac165d3fp-5 0x1.0141cac165d81p-5
0x1.02852a00e53afp-10
0x0p+0
0x0p+0
0x0p+0
0x1.028529f8389dp-12
0x1.028529f83893cp-12
0x1.0141cac165d3fp-5 0x1.0141cac165d81p-5
0x1.02852a00e53afp-10
0x0p+0
0x0p+0
0x0p+0
0x1.028529f83899dp-12
0x1.028529f838845p-12
0x1.0141cac165d3fp-5 0x1.0141cac165d81p-5
0x1.02852a00e53afp-10
0x0p+0
0x0p+0
0x0p+0
0x1.028529f83892bp-12
0x1.028529f83892fp-12
0x1.0141cac165d3fp-5 0x1.0141cac165d81p-5
0x1.02852a00e544cp-8
0x0p+0
0x0p+0
0x0p+0
0x1.028529f838aa1p-10
0x1.028529f838aa1p-10
0x1.02852a00e544cp-8
0x0p+0
0x0p+0
0x0p+0
0x1.f3f10ba582067p-11
0x1.f3f10ba582067p-11
0x1.0141cac165d5bp-2 0x1.0141cac165d65p-2
0x1.02852a00e544cp-8
0x0p+0
0x0p+0
0x0p+0
0x1.39fe5f8b9e7cp-12
0x1.39fe5f8b9e32cp-12
0x1.0141cac165d5bp-2 0x1.0141cac165d65p-2
0x1.02852a00e544cp-8
0x0p+0
0x0p+0
0x0p+0
0x1.621da9c1f9c44p-14
0x1.621da9c1f968p-14
0x1.0141cac165d5bp-2 0x1.0141cac165d65p-2
0x1.02852a00e544cp-8
0x0p+0
0x0p+0
0x0p+0
0x1.028567027143ap-14
0x1.028567027143ap-14
0x1.0141cac165d5bp-2 0x1.0141cac165d65p-2
0x1.0b2a541e5e1fcp-6
0x0p+0
0x0p+0
0x0p+0
0x1.0b2a541567319p-8
0x1.0b2a5415672d7p-8
0x1.0b2a541e5e1fcp-6
0x0p+0
0x0p+0
0x0p+0
0x1.0d3e862c283bdp-8
0x1.0d3e862c2839cp-8
0x1.0585e9799871fp-4 0x1.0585e97998741p-4
0x1.0b2a541e5e1fcp-6
0x0p+0
0x0p+0
0x0p+0
0x1.3f4710128737bp-8
0x1.3f47101287343p-8
0x1.0585e9799871fp-4 0x1.0585e97998741p-4
0x1.0b2a541e5e1fcp-6
0x0p+0
0x0p+0
0x0p+0
0x1.bad75a907b474p-8
0x1.bad75a907b455p-8
0x1.0585e9799871fp-4 0x1.0585e97998741p-4
0x1.0b2a541e5e1fcp-6
0x0p+0
0x0p+0
0x0p+0
0x1.d38a036042cf3p-8
0x1.d38a036042cf4p-8
0x1.0585e9799871fp-4 0x1.0585e97998741p-4
0x1.179bf5ea18c92p-8
0x0p+0
0x0p+0
0x0p+0
0x1.179bf5e0b6f27p-10
0x1.179bf5e0b6e0bp-10
0x1.179bf5ea18c92p-8
0x0p+0
0x0p+0
0x0p+0
0x1.20db246ea7eefp-10
0x1.20db246ea7edep-10
0x1.0b8b583dea7bfp-6 0x1.0b8b583dea841p-6
0x1.179bf5ea18c92p-8
0x0p+0
0x0p+0
0x0p+0
0x1.da510248b4266p-10
0x1.da510248b41c1p-10
0x1.0b8b583dea7bfp-6 0x1.0b8b583dea841p-6
0x1.179bf5ea18c92p-8
0x0p+0
0x0p+0
0x0p+0
0x1.0ba3ef3f14e43p-9
0x1.0ba3ef3f14e43p-9
0x1.0b8b583dea7bfp-6 0x1.0b8b583dea841p-6
0x1.179bf5ea18c92p-8
0x0p+0
0x0p+0
0x0p+0
0x1.0edf142189b11p-9
0x1.0edf142189b0fp-9
0x1.0b8b583dea7bfp-6 0x1.0b8b583dea841p-6
0x1.ffffffffffd7dp-12
0x0p+0
0x0p+0
0x0p+0
0x1.ffffffeed24f9p-14
0x1.ffffffeed1bf9p-14
0x1.ffffffffffd7dp-12
0x0p+0
0x0p+0
0x0p+0
0x1.fe68095056f7ap-14
0x1.fe68095056e79p-14
0x1.fffffffffff7fp-6 0x1.0000000000041p-5
0x1.ffffffffffd7dp-12
0x0p+0
0x0p+0
0x0p+0
0x1.d80d709efd901p-14
0x1.d80d709efd819p-14
0x1.fffffffffff7fp-6 0x1.0000000000041p-5
0x1.ffffffffffd7dp-12
0x0p+0
0x0p+0
0x0p+0
0x1.59784719ea313p-14
0x1.59784719e9815p-14
0x1.fffffffffff7fp-6 0x1.0000000000041p-5
0x1.ffffffffffd7dp-12
0x0p+0
0x0p+0
0x0p+0
0x1.00003c694cfeap-14
0x1.00003c694c7e9p-14
0x1.fffffffffff7fp-6 0x1.0000000000041p-5
0x1.fffffffffffd9p-8
0x0p+0
0x0p+0
0x0p+0
0x1.ffffffeed1f19p-10
0x1.ffffffeed1ed9p-10
0x1.fffffffffffd9p-8
0x0p+0
0x0p+0
0x0p+0
0x1.f7a2312ecc123p-10
0x1.f7a2312ecc129p-10
0x1.ffffffffffffbp-3 0x1.0000000000003p-2
0x1.fffffffffffd9p-8
0x0p+0
0x0p+0
0x0p+0
0x1.2e468f8bb7a6dp-10
0x1.2e468f8bb79efp-10
0x1.ffffffffffffbp-3 0x1.0000000000003p-2
0x1.fffffffffffd9p-8
0x0p+0
0x0p+0
0x0p+0
0x1.5ea9ee1405fccp-12
0x1.5ea9ee1405f24p-12
0x1.ffffffffffffbp-3 0x1.0000000000003p-2
0x1.fffffffffffd9p-8
0x0p+0
0x0p+0
0x0p+0
0x1.00003c694ccaap-12
0x1.00003c694cbe9p-12
0x1.ffffffffffffbp-3 0x1.0000000000003p-2
0x1.fffffffffff9dp-9
0x0p+0
0x0p+0
0x0p+0
0x1.ffffffeed1f79p-11
0x1.ffffffeed1ef9p-11
0x1.fffffffffff9dp-9
0x0p+0
0x0p+0
0x0p+0
0x1.ffffffeed1f57p-11
0x1.ffffffeed1f55p-11
0x1.fffffffffffdfp-5 0x1.0000000000011p-4
0x1.fffffffffff9dp-9
0x0p+0
0x0p+0
0x0p+0
0x1.ffffffeed1f9dp-11
0x1.ffffffeed1f21p-11
0x1.fffffffffffdfp-5 0x1.0000000000011p-4
0x1.fffffffffff9dp-9
0x0p+0
0x0p+0
0x0p+0
0x1.ffffffeed1e9dp-11
0x1.ffffffeed1fb1p-11
0x1.fffffffffffdfp-5 0x1.0000000000011p-4
0x1.fffffffffff9dp-9
0x0p+0
0x0p+0
0x0p+0
0x1.ffffffeed21b5p-11
0x1.ffffffeed1f99p-11
0x1.fffffffffffdfp-5 0x1.0000000000011p-4
0x1.fffffffffffddp-7
0x0p+0
0x0p+0
0x0p+0
0x1.ffffffeed1f79p-9
0x1.ffffffeed1f79p-9
0x1.fffffffffffddp-7
0x0p+0
0x0p+0
0x0p+0
0x1.01fdf43d82c0fp-8
0x1.01fdf43d82c1dp-8
0x1.fffffffffffefp-5 0x1.0000000000009p-4
0x1.fffffffffffddp-7
0x0p+0
0x0p+0
0x0p+0
0x1.31ef331b324b4p-8
0x1.31ef331b324b1p-8
0x1.fffffffffffefp-5 0x1.0000000000009p-4
0x1.fffffffffffddp-7
0x0p+0
0x0p+0
0x0p+0
0x1.a8558469d0743p-8
0x1.a8558469d0772p-8
0x1.fffffffffffefp-5 0x1.0000000000009p-4
0x1.fffffffffffddp-7
0x0p+0
0x0p+0
0x0p+0
0x1.bffff0d47ec47p-8
0x1.bffff0d47ec47p-8
0x1.fffffffffffefp-5 0x1.0000000000009p-4
0x1.fffffffffffb5p-8
0x0p+0
0x0p+0
0x0p+0
0x1.ffffffeed1f99p-10
0x1.ffffffeed1f99p-10
0x1.fffffffffffb5p-8
0x0p+0
0x0p+0
0x0p+0
0x1.fe68095057053p-10
0x1.fe68095056f61p-10
0x1.ffffffffffff7p-4 0x1.0000000000005p-3
0x1.fffffffffffb5p-8
0x0p+0
0x0p+0
0x0p+0
0x1.d80d709efdc17p-10
0x1.d80d709efdb0fp-10
0x1.ffffffffffff7p-4 0x1.0000000000005p-3
0x1.fffffffffffb5p-8
0x0p+0
0x0p+0
0x0p+0
0x1.59784719e996fp-10
0x1.59784719e9834p-10
0x1.ffffffffffff7p-4 0x1.0000000000005p-3
0x1.fffffffffffb5p-8
0x0p+0
0x0p+0
0x0p+0
0x1.00003c694cd0ap-10
0x1.00003c694cc01p-10
0x1.ffffffffffff7p-4 0x1.0000000000005p-3
