{
  "case": "n=12 L=99/25=3.9600",
  "row_run": {
    "grids": [
      26,
      35,
      43
    ],
    "densities": [
      8.427,
      11.46,
      14.157
    ],
    "orbits": 511,
    "sites": 3737,
    "rows_per_direction": 3,
    "max_rounds": 60,
    "rounds": 23,
    "rows": 5481,
    "objective": 12.217676366606284,
    "stopped": "converged: every placement covers mass 1",
    "seconds": 21.491,
    "separation_seconds": 9.556,
    "lp_seconds": 11.915,
    "separation_share": 0.4451,
    "peak_support": 529,
    "timings": [
      {
        "index": 0,
        "separation_s": 4.801,
        "lp_s": 0.069,
        "rows_held": 504,
        "rows_added": 504,
        "violated": 543,
        "support": 0,
        "objective": 9.575277
      },
      {
        "index": 1,
        "separation_s": 0.053,
        "lp_s": 0.082,
        "rows_held": 823,
        "rows_added": 319,
        "violated": 543,
        "support": 173,
        "objective": 10.142857
      },
      {
        "index": 2,
        "separation_s": 0.042,
        "lp_s": 0.134,
        "rows_held": 1118,
        "rows_added": 295,
        "violated": 543,
        "support": 152,
        "objective": 11.303226
      },
      {
        "index": 3,
        "separation_s": 0.04,
        "lp_s": 0.154,
        "rows_held": 1457,
        "rows_added": 339,
        "violated": 543,
        "support": 132,
        "objective": 11.736945
      },
      {
        "index": 4,
        "separation_s": 0.079,
        "lp_s": 0.213,
        "rows_held": 1805,
        "rows_added": 348,
        "violated": 543,
        "support": 213,
        "objective": 11.9463
      },
      {
        "index": 5,
        "separation_s": 0.058,
        "lp_s": 0.245,
        "rows_held": 2103,
        "rows_added": 298,
        "violated": 543,
        "support": 189,
        "objective": 12.012735
      },
      {
        "index": 6,
        "separation_s": 0.081,
        "lp_s": 0.37,
        "rows_held": 2438,
        "rows_added": 335,
        "violated": 543,
        "support": 241,
        "objective": 12.052455
      },
      {
        "index": 7,
        "separation_s": 0.082,
        "lp_s": 0.357,
        "rows_held": 2742,
        "rows_added": 304,
        "violated": 543,
        "support": 249,
        "objective": 12.077217
      },
      {
        "index": 8,
        "separation_s": 0.07,
        "lp_s": 0.412,
        "rows_held": 3085,
        "rows_added": 343,
        "violated": 543,
        "support": 229,
        "objective": 12.107097
      },
      {
        "index": 9,
        "separation_s": 0.084,
        "lp_s": 0.503,
        "rows_held": 3379,
        "rows_added": 294,
        "violated": 510,
        "support": 257,
        "objective": 12.145254
      },
      {
        "index": 10,
        "separation_s": 0.139,
        "lp_s": 0.485,
        "rows_held": 3716,
        "rows_added": 337,
        "violated": 543,
        "support": 305,
        "objective": 12.159747
      },
      {
        "index": 11,
        "separation_s": 0.272,
        "lp_s": 0.737,
        "rows_held": 4001,
        "rows_added": 285,
        "violated": 519,
        "support": 393,
        "objective": 12.175585
      },
      {
        "index": 12,
        "separation_s": 0.159,
        "lp_s": 0.689,
        "rows_held": 4367,
        "rows_added": 366,
        "violated": 528,
        "support": 333,
        "objective": 12.190293
      },
      {
        "index": 13,
        "separation_s": 0.268,
        "lp_s": 0.647,
        "rows_held": 4606,
        "rows_added": 239,
        "violated": 468,
        "support": 405,
        "objective": 12.202589
      },
      {
        "index": 14,
        "separation_s": 0.309,
        "lp_s": 0.716,
        "rows_held": 4746,
        "rows_added": 140,
        "violated": 309,
        "support": 437,
        "objective": 12.206004
      },
      {
        "index": 15,
        "separation_s": 0.33,
        "lp_s": 0.754,
        "rows_held": 4912,
        "rows_added": 166,
        "violated": 306,
        "support": 445,
        "objective": 12.208986
      },
      {
        "index": 16,
        "separation_s": 0.362,
        "lp_s": 0.789,
        "rows_held": 5037,
        "rows_added": 125,
        "violated": 270,
        "support": 465,
        "objective": 12.214631
      },
      {
        "index": 17,
        "separation_s": 0.542,
        "lp_s": 0.938,
        "rows_held": 5199,
        "rows_added": 162,
        "violated": 360,
        "support": 529,
        "objective": 12.215821
      },
      {
        "index": 18,
        "separation_s": 0.423,
        "lp_s": 0.909,
        "rows_held": 5329,
        "rows_added": 130,
        "violated": 246,
        "support": 489,
        "objective": 12.216974
      },
      {
        "index": 19,
        "separation_s": 0.335,
        "lp_s": 0.926,
        "rows_held": 5401,
        "rows_added": 72,
        "violated": 159,
        "support": 449,
        "objective": 12.217539
      },
      {
        "index": 20,
        "separation_s": 0.391,
        "lp_s": 0.96,
        "rows_held": 5456,
        "rows_added": 55,
        "violated": 108,
        "support": 477,
        "objective": 12.217676
      },
      {
        "index": 21,
        "separation_s": 0.299,
        "lp_s": 0.823,
        "rows_held": 5481,
        "rows_added": 25,
        "violated": 45,
        "support": 433,
        "objective": 12.217676
      },
      {
        "index": 22,
        "separation_s": 0.339,
        "lp_s": 0.0,
        "rows_held": 5481,
        "rows_added": 0,
        "violated": 0,
        "support": 453,
        "objective": 12.217676
      }
    ]
  },
  "pricing": {
    "dual_squares_s": 0.004,
    "rank_candidates_s": 0.47,
    "total_s": 0.473,
    "support": 32,
    "candidates": 1,
    "best_averaged_depth": 1.3370154387016004,
    "share_of_round": 0.022
  },
  "least_covered": 0.9999999999999977,
  "round_timings_exact": [
    {
      "index": 0,
      "separation_seconds": 4.801471201999448,
      "lp_seconds": 0.06947877099992184,
      "rows_held": 504,
      "rows_added": 504,
      "violated": 543,
      "support": 0,
      "objective": 9.575276575276565
    },
    {
      "index": 1,
      "separation_seconds": 0.05267859299965494,
      "lp_seconds": 0.08202079699913156,
      "rows_held": 823,
      "rows_added": 319,
      "violated": 543,
      "support": 173,
      "objective": 10.142857142857146
    },
    {
      "index": 2,
      "separation_seconds": 0.0421173689992429,
      "lp_seconds": 0.13435458999992989,
      "rows_held": 1118,
      "rows_added": 295,
      "violated": 543,
      "support": 152,
      "objective": 11.303225806451614
    },
    {
      "index": 3,
      "separation_seconds": 0.039645148999625235,
      "lp_seconds": 0.15433005499835417,
      "rows_held": 1457,
      "rows_added": 339,
      "violated": 543,
      "support": 132,
      "objective": 11.73694516031501
    },
    {
      "index": 4,
      "separation_seconds": 0.07927826900049695,
      "lp_seconds": 0.21296768299907853,
      "rows_held": 1805,
      "rows_added": 348,
      "violated": 543,
      "support": 213,
      "objective": 11.946300420687953
    },
    {
      "index": 5,
      "separation_seconds": 0.05806583000048704,
      "lp_seconds": 0.24526571500064165,
      "rows_held": 2103,
      "rows_added": 298,
      "violated": 543,
      "support": 189,
      "objective": 12.012734552120014
    },
    {
      "index": 6,
      "separation_seconds": 0.08080546100063657,
      "lp_seconds": 0.36988253699928464,
      "rows_held": 2438,
      "rows_added": 335,
      "violated": 543,
      "support": 241,
      "objective": 12.05245496291063
    },
    {
      "index": 7,
      "separation_seconds": 0.08197736700094538,
      "lp_seconds": 0.35716180199960945,
      "rows_held": 2742,
      "rows_added": 304,
      "violated": 543,
      "support": 249,
      "objective": 12.07721719668003
    },
    {
      "index": 8,
      "separation_seconds": 0.06966546900002868,
      "lp_seconds": 0.412418695001179,
      "rows_held": 3085,
      "rows_added": 343,
      "violated": 543,
      "support": 229,
      "objective": 12.107096648035585
    },
    {
      "index": 9,
      "separation_seconds": 0.08352212099998724,
      "lp_seconds": 0.5026617149997037,
      "rows_held": 3379,
      "rows_added": 294,
      "violated": 510,
      "support": 257,
      "objective": 12.14525373968964
    },
    {
      "index": 10,
      "separation_seconds": 0.13933150000048045,
      "lp_seconds": 0.48488708100012445,
      "rows_held": 3716,
      "rows_added": 337,
      "violated": 543,
      "support": 305,
      "objective": 12.159747332704033
    },
    {
      "index": 11,
      "separation_seconds": 0.271926228000666,
      "lp_seconds": 0.737011616000018,
      "rows_held": 4001,
      "rows_added": 285,
      "violated": 519,
      "support": 393,
      "objective": 12.175584616555257
    },
    {
      "index": 12,
      "separation_seconds": 0.15862393700081157,
      "lp_seconds": 0.6887574939992192,
      "rows_held": 4367,
      "rows_added": 366,
      "violated": 528,
      "support": 333,
      "objective": 12.19029288986806
    },
    {
      "index": 13,
      "separation_seconds": 0.2676504169994587,
      "lp_seconds": 0.6474917909999931,
      "rows_held": 4606,
      "rows_added": 239,
      "violated": 468,
      "support": 405,
      "objective": 12.202588685765212
    },
    {
      "index": 14,
      "separation_seconds": 0.3093140269993455,
      "lp_seconds": 0.7161500660004094,
      "rows_held": 4746,
      "rows_added": 140,
      "violated": 309,
      "support": 437,
      "objective": 12.206003669952421
    },
    {
      "index": 15,
      "separation_seconds": 0.3299760089994379,
      "lp_seconds": 0.754240801999913,
      "rows_held": 4912,
      "rows_added": 166,
      "violated": 306,
      "support": 445,
      "objective": 12.20898580108819
    },
    {
      "index": 16,
      "separation_seconds": 0.362102949000473,
      "lp_seconds": 0.7894136499999149,
      "rows_held": 5037,
      "rows_added": 125,
      "violated": 270,
      "support": 465,
      "objective": 12.214630560809828
    },
    {
      "index": 17,
      "separation_seconds": 0.5420482159988751,
      "lp_seconds": 0.9383996590004244,
      "rows_held": 5199,
      "rows_added": 162,
      "violated": 360,
      "support": 529,
      "objective": 12.215821008337892
    },
    {
      "index": 18,
      "separation_seconds": 0.4226622990008764,
      "lp_seconds": 0.9091622340001777,
      "rows_held": 5329,
      "rows_added": 130,
      "violated": 246,
      "support": 489,
      "objective": 12.216974203809631
    },
    {
      "index": 19,
      "separation_seconds": 0.3345856300002197,
      "lp_seconds": 0.925566414000059,
      "rows_held": 5401,
      "rows_added": 72,
      "violated": 159,
      "support": 449,
      "objective": 12.217538569118492
    },
    {
      "index": 20,
      "separation_seconds": 0.3911223750001227,
      "lp_seconds": 0.9599217380000482,
      "rows_held": 5456,
      "rows_added": 55,
      "violated": 108,
      "support": 477,
      "objective": 12.21767630311833
    },
    {
      "index": 21,
      "separation_seconds": 0.29863531299997703,
      "lp_seconds": 0.8230035470005532,
      "rows_held": 5481,
      "rows_added": 25,
      "violated": 45,
      "support": 433,
      "objective": 12.217676366606286
    },
    {
      "index": 22,
      "separation_seconds": 0.3386017510001693,
      "lp_seconds": 0.0,
      "rows_held": 5481,
      "rows_added": 0,
      "violated": 0,
      "support": 453,
      "objective": 12.217676366606284
    }
  ],
  "selection": "original",
  "cumsum_buffer": "1",
  "workers": 16,
  "worker_model": "ProcessPoolExecutor over directions",
  "start_method": "forkserver",
  "parent_pid": 58914
}
