{
  "case": "n=12 L=99/25=3.9600",
  "row_run": {
    "grids": [
      26,
      35,
      43
    ],
    "densities": [
      8.427,
      11.46,
      14.157
    ],
    "orbits": 511,
    "sites": 3737,
    "rows_per_direction": 3,
    "max_rounds": 60,
    "rounds": 22,
    "rows": 5517,
    "objective": 12.217676366623763,
    "stopped": "converged: every placement covers mass 1",
    "seconds": 16.186,
    "separation_seconds": 6.159,
    "lp_seconds": 10.014,
    "separation_share": 0.3808,
    "peak_support": 669,
    "timings": [
      {
        "index": 0,
        "separation_s": 1.036,
        "lp_s": 0.081,
        "rows_held": 514,
        "rows_added": 514,
        "violated": 543,
        "support": 0,
        "objective": 9.614636
      },
      {
        "index": 1,
        "separation_s": 0.044,
        "lp_s": 0.097,
        "rows_held": 889,
        "rows_added": 375,
        "violated": 543,
        "support": 185,
        "objective": 10.116317
      },
      {
        "index": 2,
        "separation_s": 0.033,
        "lp_s": 0.143,
        "rows_held": 1246,
        "rows_added": 357,
        "violated": 543,
        "support": 156,
        "objective": 11.306358
      },
      {
        "index": 3,
        "separation_s": 0.031,
        "lp_s": 0.195,
        "rows_held": 1576,
        "rows_added": 330,
        "violated": 543,
        "support": 128,
        "objective": 11.570248
      },
      {
        "index": 4,
        "separation_s": 0.034,
        "lp_s": 0.218,
        "rows_held": 1917,
        "rows_added": 341,
        "violated": 543,
        "support": 144,
        "objective": 11.657895
      },
      {
        "index": 5,
        "separation_s": 0.036,
        "lp_s": 0.287,
        "rows_held": 2240,
        "rows_added": 323,
        "violated": 543,
        "support": 157,
        "objective": 11.897704
      },
      {
        "index": 6,
        "separation_s": 0.045,
        "lp_s": 0.337,
        "rows_held": 2563,
        "rows_added": 323,
        "violated": 543,
        "support": 193,
        "objective": 11.989027
      },
      {
        "index": 7,
        "separation_s": 0.043,
        "lp_s": 0.372,
        "rows_held": 2870,
        "rows_added": 307,
        "violated": 543,
        "support": 205,
        "objective": 12.049727
      },
      {
        "index": 8,
        "separation_s": 0.083,
        "lp_s": 0.402,
        "rows_held": 3190,
        "rows_added": 320,
        "violated": 543,
        "support": 285,
        "objective": 12.087119
      },
      {
        "index": 9,
        "separation_s": 0.087,
        "lp_s": 0.46,
        "rows_held": 3520,
        "rows_added": 330,
        "violated": 543,
        "support": 253,
        "objective": 12.12004
      },
      {
        "index": 10,
        "separation_s": 0.151,
        "lp_s": 0.608,
        "rows_held": 3834,
        "rows_added": 314,
        "violated": 543,
        "support": 321,
        "objective": 12.156092
      },
      {
        "index": 11,
        "separation_s": 0.125,
        "lp_s": 0.57,
        "rows_held": 4133,
        "rows_added": 299,
        "violated": 531,
        "support": 329,
        "objective": 12.174559
      },
      {
        "index": 12,
        "separation_s": 0.181,
        "lp_s": 0.551,
        "rows_held": 4376,
        "rows_added": 243,
        "violated": 501,
        "support": 384,
        "objective": 12.197003
      },
      {
        "index": 13,
        "separation_s": 0.251,
        "lp_s": 0.577,
        "rows_held": 4649,
        "rows_added": 273,
        "violated": 522,
        "support": 457,
        "objective": 12.20491
      },
      {
        "index": 14,
        "separation_s": 0.244,
        "lp_s": 0.539,
        "rows_held": 4852,
        "rows_added": 203,
        "violated": 372,
        "support": 441,
        "objective": 12.209786
      },
      {
        "index": 15,
        "separation_s": 0.32,
        "lp_s": 0.799,
        "rows_held": 5028,
        "rows_added": 176,
        "violated": 381,
        "support": 461,
        "objective": 12.212685
      },
      {
        "index": 16,
        "separation_s": 0.534,
        "lp_s": 0.745,
        "rows_held": 5128,
        "rows_added": 100,
        "violated": 234,
        "support": 569,
        "objective": 12.215074
      },
      {
        "index": 17,
        "separation_s": 0.61,
        "lp_s": 0.888,
        "rows_held": 5277,
        "rows_added": 149,
        "violated": 279,
        "support": 569,
        "objective": 12.216885
      },
      {
        "index": 18,
        "separation_s": 0.585,
        "lp_s": 0.687,
        "rows_held": 5364,
        "rows_added": 87,
        "violated": 171,
        "support": 629,
        "objective": 12.217648
      },
      {
        "index": 19,
        "separation_s": 0.535,
        "lp_s": 0.677,
        "rows_held": 5492,
        "rows_added": 128,
        "violated": 207,
        "support": 645,
        "objective": 12.217676
      },
      {
        "index": 20,
        "separation_s": 0.374,
        "lp_s": 0.78,
        "rows_held": 5517,
        "rows_added": 25,
        "violated": 51,
        "support": 481,
        "objective": 12.217676
      },
      {
        "index": 21,
        "separation_s": 0.778,
        "lp_s": 0.0,
        "rows_held": 5517,
        "rows_added": 0,
        "violated": 0,
        "support": 669,
        "objective": 12.217676
      }
    ]
  },
  "pricing": {
    "dual_squares_s": 0.004,
    "rank_candidates_s": 0.45,
    "total_s": 0.454,
    "support": 32,
    "candidates": 1,
    "best_averaged_depth": 1.2697611424028876,
    "share_of_round": 0.028
  },
  "least_covered": 0.9999999999734001,
  "round_timings_exact": [
    {
      "index": 0,
      "separation_seconds": 1.036357984999995,
      "lp_seconds": 0.08112529199934215,
      "rows_held": 514,
      "rows_added": 514,
      "violated": 543,
      "support": 0,
      "objective": 9.614636209813872
    },
    {
      "index": 1,
      "separation_seconds": 0.04400312899997516,
      "lp_seconds": 0.09680230900085007,
      "rows_held": 889,
      "rows_added": 375,
      "violated": 543,
      "support": 185,
      "objective": 10.116316639741516
    },
    {
      "index": 2,
      "separation_seconds": 0.033401466000213986,
      "lp_seconds": 0.14326226999946812,
      "rows_held": 1246,
      "rows_added": 357,
      "violated": 543,
      "support": 156,
      "objective": 11.306358381502893
    },
    {
      "index": 3,
      "separation_seconds": 0.030953055000281893,
      "lp_seconds": 0.19450892399981967,
      "rows_held": 1576,
      "rows_added": 330,
      "violated": 543,
      "support": 128,
      "objective": 11.570247933884302
    },
    {
      "index": 4,
      "separation_seconds": 0.034320153999942704,
      "lp_seconds": 0.2179047850004281,
      "rows_held": 1917,
      "rows_added": 341,
      "violated": 543,
      "support": 144,
      "objective": 11.65789473684211
    },
    {
      "index": 5,
      "separation_seconds": 0.035598636999566224,
      "lp_seconds": 0.2872800479999569,
      "rows_held": 2240,
      "rows_added": 323,
      "violated": 543,
      "support": 157,
      "objective": 11.897703549060545
    },
    {
      "index": 6,
      "separation_seconds": 0.04455665699970268,
      "lp_seconds": 0.3369845580000401,
      "rows_held": 2563,
      "rows_added": 323,
      "violated": 543,
      "support": 193,
      "objective": 11.989026933889544
    },
    {
      "index": 7,
      "separation_seconds": 0.042502143000092474,
      "lp_seconds": 0.3721415269992576,
      "rows_held": 2870,
      "rows_added": 307,
      "violated": 543,
      "support": 205,
      "objective": 12.049726580545553
    },
    {
      "index": 8,
      "separation_seconds": 0.08265573799872072,
      "lp_seconds": 0.40237153400084935,
      "rows_held": 3190,
      "rows_added": 320,
      "violated": 543,
      "support": 285,
      "objective": 12.087118916404743
    },
    {
      "index": 9,
      "separation_seconds": 0.08678495400090469,
      "lp_seconds": 0.460251544998755,
      "rows_held": 3520,
      "rows_added": 330,
      "violated": 543,
      "support": 253,
      "objective": 12.120039725007059
    },
    {
      "index": 10,
      "separation_seconds": 0.15077355500034173,
      "lp_seconds": 0.6077357000012853,
      "rows_held": 3834,
      "rows_added": 314,
      "violated": 543,
      "support": 321,
      "objective": 12.156091875512889
    },
    {
      "index": 11,
      "separation_seconds": 0.12535696200029633,
      "lp_seconds": 0.5696177300014824,
      "rows_held": 4133,
      "rows_added": 299,
      "violated": 531,
      "support": 329,
      "objective": 12.17455897111846
    },
    {
      "index": 12,
      "separation_seconds": 0.18090001200107508,
      "lp_seconds": 0.5513999230006448,
      "rows_held": 4376,
      "rows_added": 243,
      "violated": 501,
      "support": 384,
      "objective": 12.197003445035305
    },
    {
      "index": 13,
      "separation_seconds": 0.25077530199996545,
      "lp_seconds": 0.5774866430001566,
      "rows_held": 4649,
      "rows_added": 273,
      "violated": 522,
      "support": 457,
      "objective": 12.204910375149085
    },
    {
      "index": 14,
      "separation_seconds": 0.24427009399914823,
      "lp_seconds": 0.5392503750008473,
      "rows_held": 4852,
      "rows_added": 203,
      "violated": 372,
      "support": 441,
      "objective": 12.209785600291008
    },
    {
      "index": 15,
      "separation_seconds": 0.3196290960004262,
      "lp_seconds": 0.7993886349995591,
      "rows_held": 5028,
      "rows_added": 176,
      "violated": 381,
      "support": 461,
      "objective": 12.212685130446149
    },
    {
      "index": 16,
      "separation_seconds": 0.534262512001078,
      "lp_seconds": 0.7454167089999828,
      "rows_held": 5128,
      "rows_added": 100,
      "violated": 234,
      "support": 569,
      "objective": 12.215073585722482
    },
    {
      "index": 17,
      "separation_seconds": 0.6100913919999584,
      "lp_seconds": 0.8876291540000238,
      "rows_held": 5277,
      "rows_added": 149,
      "violated": 279,
      "support": 569,
      "objective": 12.216885225032762
    },
    {
      "index": 18,
      "separation_seconds": 0.5847575389998383,
      "lp_seconds": 0.6870089990006818,
      "rows_held": 5364,
      "rows_added": 87,
      "violated": 171,
      "support": 629,
      "objective": 12.217648445140037
    },
    {
      "index": 19,
      "separation_seconds": 0.5352519379994192,
      "lp_seconds": 0.6772709529996064,
      "rows_held": 5492,
      "rows_added": 128,
      "violated": 207,
      "support": 645,
      "objective": 12.217676303117955
    },
    {
      "index": 20,
      "separation_seconds": 0.37419096899975557,
      "lp_seconds": 0.7795226730013383,
      "rows_held": 5517,
      "rows_added": 25,
      "violated": 51,
      "support": 481,
      "objective": 12.217676366623763
    },
    {
      "index": 21,
      "separation_seconds": 0.7779978590006067,
      "lp_seconds": 0.0,
      "rows_held": 5517,
      "rows_added": 0,
      "violated": 0,
      "support": 669,
      "objective": 12.217676366623763
    }
  ],
  "selection": "original",
  "workers": 16,
  "worker_model": "ProcessPoolExecutor over directions",
  "start_method": "forkserver",
  "parent_pid": 57140
}
