REPLAY 500 of 12028 seconds 63.718648999987636
REPLAY 1000 of 12028 seconds 99.86543174996041
REPLAY 1500 of 12028 seconds 130.484995124978
REPLAY 2000 of 12028 seconds 175.99528558296151
REPLAY 2500 of 12028 seconds 229.1495442079613
REPLAY 3000 of 12028 seconds 308.43501274997834
REPLAY 3500 of 12028 seconds 366.1057289579767
REPLAY 4000 of 12028 seconds 408.8114733750117
REPLAY 4500 of 12028 seconds 447.0332856249879
REPLAY 5000 of 12028 seconds 486.6917123749736
REPLAY 5500 of 12028 seconds 566.8258084160043
REPLAY 6000 of 12028 seconds 654.3878127500066
REPLAY 6500 of 12028 seconds 764.9071615409921
REPLAY 7000 of 12028 seconds 805.5595617499785
REPLAY 7500 of 12028 seconds 852.5799911249778
REPLAY 8000 of 12028 seconds 889.9381314159837
REPLAY 8500 of 12028 seconds 962.1453994999756
REPLAY 9000 of 12028 seconds 1044.7002573749633
REPLAY 9500 of 12028 seconds 1154.6330609999713
REPLAY 10000 of 12028 seconds 1207.8146877909894
REPLAY 10500 of 12028 seconds 1249.2912810409907
REPLAY 11000 of 12028 seconds 1291.0277555829962
REPLAY 11500 of 12028 seconds 1362.6622889999999
REPLAY 12000 of 12028 seconds 1493.130575249961
{
  "status": "PASS_FULL_EXACT_PYTHON_REPLAY",
  "certificate_sha256": "57e9927da5c13f42dd8bcbf8f08c84363635fece626657ee63a810c61cd44458",
  "parent_side": "764/775",
  "bound": "31/8",
  "intervals": 12028,
  "budget_units": 10999479944,
  "minimum_units": 999962528,
  "strict_core_margin": "1/1000000000000",
  "counting_surplus_units": 107864,
  "slabs": 86299918,
  "cells": 511649694680,
  "seconds": 1501.1203584999894
}
