[3s] regions built; S pieces 120, T pieces 168
[9s] core-disjoint pairs: S-S interior overlaps = 0, core-in-S = 0
[10s] candidate points 1724
[12s] closed extended depth: max = 1 = 1.00000
   depth      1 at (2.8266,1.3301) owners [(9, 29.89, '1/4'), (12, 60.11, '1/4'), (17, 0.79, '1/4'), (29, 90.0, '1/8'), (33, 0.26, '1/16'), (63, 89.47, '1/16')]
   depth      1 at (0.0048,2.0029) owners [(19, 0.79, '1/4'), (22, 89.21, '1/4'), (26, 0.0, '1/8'), (28, 90.0, '1/8'), (35, 0.26, '1/16'), (38, 89.74, '1/16'), (59, 0.53, '1/16'), (62, 89.47, '1/16')]
   depth      1 at (0.9989,3.7332) owners [(0, 0.0, '13/32'), (7, 90.0, '13/32'), (41, 7.11, '3/32'), (44, 82.89, '3/32')]
   depth      1 at (1.8551,0.0026) owners [(16, 0.79, '1/4'), (20, 89.21, '1/4'), (27, 0.0, '1/8'), (31, 90.0, '1/8'), (32, 0.26, '1/16'), (36, 89.74, '1/16'), (56, 0.53, '1/16'), (60, 89.47, '1/16')]
   depth      1 at (0.9984,1.3301) owners [(8, 29.89, '1/4'), (14, 60.11, '1/4'), (22, 89.21, '1/4'), (26, 0.0, '1/8'), (38, 89.74, '1/16'), (59, 0.53, '1/16')]
   depth      1 at (3.5386,0.1828) owners [(2, 0.0, '13/32'), (6, 90.0, '13/32'), (43, 7.11, '3/32'), (45, 82.89, '3/32')]
   depth      1 at (3.7332,3.0001) owners [(3, 0.0, '13/32'), (4, 90.0, '13/32'), (40, 7.11, '3/32'), (46, 82.89, '3/32')]
   depth      1 at (0.1384,0.2020) owners [(1, 0.0, '13/32'), (5, 90.0, '13/32'), (42, 7.11, '3/32'), (47, 82.89, '3/32')]
   core-only closed depth at the top-50 points: 1

7.11-degree orbit: [40, 41, 42, 43, 44, 45, 46, 47] weights ['3/32', '3/32', '3/32', '3/32', '3/32', '3/32', '3/32', '3/32'] half-tangent 621321/10000000 shift (Fraction(0, 1), Fraction(0, 1))
  cos = 99613960214959/100386039785041 = 0.9923088950242955  sin = 12426420000000/100386039785041 = 0.12378633549653903  tilt deg = 7.110673595263415
  core gaps (l, r, b, t): ['11975708102202492080883499/4573702412691822906740000', '425756958848595491451499/4573702412691822906740000', '4885801034401841459031907/1812540971442063171507500', '115410700722674172789253/7250163885768252686030000'] [2.6183837560070433, 0.09308803250231992, 2.6955534310017186, 0.01591835750764479]
  wall top: unit gap g = 1697680742228220374051/116002622172292042976480 = 0.014635; pocket edges c=0.12379 s=0.99231; T areas R=0.06323 L=0.07594
     d_R <= 0.110170 (num 0.110170), d_L <= 0.004802 (num 0.004802); A(S) >= 14819066106277373244532115870775251456514558673139316667065603182068607640990355494983670891362728588099980100801848648885009924519155560859/194428496684402801922422928927666567999818484913200120310387137479902478666017021323772590252429483312741841119265470663594199111059009724680 = 0.076219
  wall right: unit gap g = 1679546273130697871177/18294809650767291626960 = 0.091805; pocket edges c=0.99231 s=0.12379; T areas R=0.15252 L=0.07278
     d_R <= 0.011689 (num 0.011688), d_L <= 0.119797 (num 0.119797); A(S) >= 9582371109030868921572394867513301646848614237241731146905411557469088827355709052772841190651659547943512660075576098420931382901650065267/63698124819515058122653759765297330794914955810887648066418650600299317024070560122390366805184452634373891028521360088114645164332736419840 = 0.150434
  nearest core-disjoint positive-weight neighbours (exact distance lower bounds via vertex-edge, exact):
     b=57 (  0.53 deg, w=1/16) wall=right  dist(U_b,T)=0.002940 dist(core_b,T)=0.004091 dist(U_b,S)=0.122732   [exact squared: dist(U_b,T)^2 = 56637987613165609700985952062866089911655800234247022216378691220724550775930906967759539659032025529985124386907200409/6551295966119448693859629700918046959741156764227375616171358858308805822227278055436743308123853496743749270622614708429824]
     b=24 (  0.00 deg, w=1/8) wall=right  dist(U_b,T)=0.011166 dist(core_b,T)=0.012316 dist(U_b,S)=0.130963   [exact squared: dist(U_b,T)^2 = 671128555607882461610601386152829665026979441/5382643340339016599880510693651692519133276160000]
     b=57 (  0.53 deg, w=1/16) wall=top    dist(U_b,T)=0.112087 dist(core_b,T)=0.113238 dist(U_b,S)=0.996221   [exact squared: dist(U_b,T)^2 = 514421278888045926563254373670786032142342727915492132651355048318487678934811117281384784316958508437969300466025525457681/40945599788246554336622685630737793498382229776421097601070992864430036388920487846479645675774084354648432941391341927686400]
     b=24 (  0.00 deg, w=1/8) wall=top    dist(U_b,T)=0.120318 dist(core_b,T)=0.121468 dist(U_b,S)=1.003475   [exact squared: dist(U_b,T)^2 = 77920995490995151879231412141745078954812787001/5382643340339016599880510693651692519133276160000]
     b=57 (  0.53 deg, w=1/16) wall=right  dist(U_b,T)=0.126721 dist(core_b,T)=0.127872 dist(U_b,S)=0.122732   [exact squared: dist(U_b,T)^2 = 105202733442473821861649884572958190532582967221894660876901214570318250969425617125650290828946607940146493477419867200409/6551295966119448693859629700918046959741156764227375616171358858308805822227278055436743308123853496743749270622614708429824]
     b=24 (  0.00 deg, w=1/8) wall=right  dist(U_b,T)=0.134953 dist(core_b,T)=0.136103 dist(U_b,S)=0.130963   [exact squared: dist(U_b,T)^2 = 98029693290187295704798104931000503649026979441/5382643340339016599880510693651692519133276160000]
     b=25 (  0.00 deg, w=1/8) wall=top    dist(U_b,T)=0.475204 dist(core_b,T)=0.476354 dist(U_b,S)=0.480006   [exact squared: dist(U_b,T)^2 = 120930516019637177541730925821141460059420224721/535520096252492849637012404430084678078146560000]
     b=58 (  0.53 deg, w=1/16) wall=top    dist(U_b,T)=0.482803 dist(core_b,T)=0.483952 dist(U_b,S)=0.487610   [exact squared: dist(U_b,T)^2 = 9544372213474759904248902100289425055272985236509856792898791448364767496082669705726007334637048212820270502545708607429601/40945599788246554336622685630737793498382229776421097601070992864430036388920487846479645675774084354648432941391341927686400]

g_max (numerical): largest g with A(theta,g) > 0, and A at a few g
  theta=  7.11: g_max ~ 0.9587;  A(0)=0.0619 A(0.0146)=0.0762 A(0.0918)=0.1504 A(0.2)=0.2494 A(0.4)=0.4049
  theta= 20.00: g_max ~ 0.8633;  A(0)=0.1720 A(0.0146)=0.1843 A(0.0918)=0.2462 A(0.2)=0.3223 A(0.4)=0.4213
  theta= 30.00: g_max ~ 0.7745;  A(0)=0.2575 A(0.0146)=0.2673 A(0.0918)=0.3138 A(0.2)=0.3633 A(0.4)=0.3961
  theta= 40.18: g_max ~ 0.7146;  A(0)=0.3203 A(0.0146)=0.3298 A(0.0918)=0.3721 A(0.2)=0.4034 A(0.4)=0.3547
  theta= 45.00: g_max ~ 0.7071;  A(0)=0.3280 A(0.0146)=0.3376 A(0.0918)=0.3798 A(0.2)=0.4108 A(0.4)=0.3400
[17s] done
