0x1.e6fec2f2fe23bp-13
0x0p+0
0x0p+0
0x0p+0
0x1.e6fec2f2fe23bp-13
0x0p+0
0x0p+0
0x0p+0
0x1.69658420daa7fp-7 0x1.69658420dab01p-7
0x1.e6fec2f2fe23bp-13
0x0p+0
0x0p+0
0x0p+0
0x1.69658420daa7fp-7 0x1.69658420dab01p-7
0x1.e6fec2f2fe23bp-13
0x0p+0
0x0p+0
0x0p+0
0x1.69658420daa7fp-7 0x1.69658420dab01p-7
0x1.e6fec2f2fe23bp-13
0x0p+0
0x0p+0
0x0p+0
0x1.69658420daa7fp-7 0x1.69658420dab01p-7
0x1.2f94d69e201dep-15
0x0p+0
0x0p+0
0x0p+0
0x1.2f94d69e201dep-15
0x0p+0
0x0p+0
0x0p+0
0x1.8a40330c916ffp-8 0x1.8a40330c91901p-8
0x1.2f94d69e201dep-15
0x0p+0
0x0p+0
0x0p+0
0x1.8a40330c916ffp-8 0x1.8a40330c91901p-8
0x1.2f94d69e201dep-15
0x0p+0
0x0p+0
0x0p+0
0x1.8a40330c916ffp-8 0x1.8a40330c91901p-8
0x1.2f94d69e201dep-15
0x0p+0
0x0p+0
0x0p+0
0x1.8a40330c916ffp-8 0x1.8a40330c91901p-8
0x1.0044dbc1043ecp-12
0x0p+0
0x0p+0
0x0p+0
0x1.0044dbc1043ecp-12
0x0p+0
0x0p+0
0x0p+0
0x1.00226b902263fp-6 0x1.00226b90226c1p-6
0x1.0044dbc1043ecp-12
0x0p+0
0x0p+0
0x0p+0
0x1.00226b902263fp-6 0x1.00226b90226c1p-6
0x1.0044dbc1043ecp-12
0x0p+0
0x0p+0
0x0p+0
0x1.00226b902263fp-6 0x1.00226b90226c1p-6
0x1.0044dbc1043ecp-12
0x0p+0
0x0p+0
0x0p+0
0x1.00226b902263fp-6 0x1.00226b90226c1p-6
0x1.0044dbc10445cp-9
0x0p+0
0x0p+0
0x0p+0
0x1.0044dbc10445cp-9
0x0p+0
0x0p+0
0x0p+0
0x1.00226b90226afp-3 0x1.00226b90226b9p-3
0x1.0044dbc10445cp-9
0x0p+0
0x0p+0
0x0p+0
0x1.00226b90226afp-3 0x1.00226b90226b9p-3
0x1.0044dbc10445cp-9
0x0p+0
0x0p+0
0x0p+0
0x1.00226b90226afp-3 0x1.00226b90226b9p-3
0x1.0044dbc10445cp-9
0x0p+0
0x0p+0
0x0p+0
0x1.00226b90226afp-3 0x1.00226b90226b9p-3
0x1.2ea040eeddf26p-15
0x0p+0
0x0p+0
0x0p+0
0x1.2ea040eeddf26p-15
0x0p+0
0x0p+0
0x0p+0
0x1.89a141e29edffp-8 0x1.89a141e29f001p-8
0x1.2ea040eeddf26p-15
0x0p+0
0x0p+0
0x0p+0
0x1.89a141e29edffp-8 0x1.89a141e29f001p-8
0x1.2ea040eeddf26p-15
0x0p+0
0x0p+0
0x0p+0
0x1.89a141e29edffp-8 0x1.89a141e29f001p-8
0x1.2ea040eeddf26p-15
0x0p+0
0x0p+0
0x0p+0
0x1.89a141e29edffp-8 0x1.89a141e29f001p-8
0x1.2dfd694ccaa81p-15
0x0p+0
0x0p+0
0x0p+0
0x1.2dfd694ccaa81p-15
0x0p+0
0x0p+0
0x0p+0
0x1.89374bc6a7e7fp-8 0x1.89374bc6a7f81p-8
0x1.2dfd694ccaa81p-15
0x0p+0
0x0p+0
0x0p+0
0x1.89374bc6a7e7fp-8 0x1.89374bc6a7f81p-8
0x1.2dfd694ccaa81p-15
0x0p+0
0x0p+0
0x0p+0
0x1.89374bc6a7e7fp-8 0x1.89374bc6a7f81p-8
0x1.2dfd694ccaa81p-15
0x0p+0
0x0p+0
0x0p+0
0x1.89374bc6a7e7fp-8 0x1.89374bc6a7f81p-8
0x1.ffffffffffefdp-13
0x0p+0
0x0p+0
0x0p+0
0x1.ffffffffffefdp-13
0x0p+0
0x0p+0
0x0p+0
0x1.fffffffffff7fp-7 0x1.0000000000041p-6
0x1.ffffffffffefdp-13
0x0p+0
0x0p+0
0x0p+0
0x1.fffffffffff7fp-7 0x1.0000000000041p-6
0x1.ffffffffffefdp-13
0x0p+0
0x0p+0
0x0p+0
0x1.fffffffffff7fp-7 0x1.0000000000041p-6
0x1.ffffffffffefdp-13
0x0p+0
0x0p+0
0x0p+0
0x1.fffffffffff7fp-7 0x1.0000000000041p-6
0x1.fffffffffffd5p-9
0x0p+0
0x0p+0
0x0p+0
0x1.fffffffffffd5p-9
0x0p+0
0x0p+0
0x0p+0
0x1.ffffffffffff7p-4 0x1.0000000000005p-3
0x1.fffffffffffd5p-9
0x0p+0
0x0p+0
0x0p+0
0x1.ffffffffffff7p-4 0x1.0000000000005p-3
0x1.fffffffffffd5p-9
0x0p+0
0x0p+0
0x0p+0
0x1.ffffffffffff7p-4 0x1.0000000000005p-3
0x1.fffffffffffd5p-9
0x0p+0
0x0p+0
0x0p+0
0x1.ffffffffffff7p-4 0x1.0000000000005p-3
0x1.fffffffffffadp-10
0x0p+0
0x0p+0
0x0p+0
0x1.fffffffffffadp-10
0x0p+0
0x0p+0
0x0p+0
0x1.fffffffffffefp-4 0x1.0000000000009p-3
0x1.fffffffffffadp-10
0x0p+0
0x0p+0
0x0p+0
0x1.fffffffffffefp-4 0x1.0000000000009p-3
0x1.fffffffffffadp-10
0x0p+0
0x0p+0
0x0p+0
0x1.fffffffffffefp-4 0x1.0000000000009p-3
0x1.fffffffffffadp-10
0x0p+0
0x0p+0
0x0p+0
0x1.fffffffffffefp-4 0x1.0000000000009p-3
0x1.ffffffffffdddp-13
0x0p+0
0x0p+0
0x0p+0
0x1.ffffffffffdddp-13
0x0p+0
0x0p+0
0x0p+0
0x1.fffffffffffdfp-5 0x1.0000000000011p-4
0x1.ffffffffffdddp-13
0x0p+0
0x0p+0
0x0p+0
0x1.fffffffffffdfp-5 0x1.0000000000011p-4
0x1.ffffffffffdddp-13
0x0p+0
0x0p+0
0x0p+0
0x1.fffffffffffdfp-5 0x1.0000000000011p-4
0x1.ffffffffffdddp-13
0x0p+0
0x0p+0
0x0p+0
0x1.fffffffffffdfp-5 0x1.0000000000011p-4
0x1.ffffffffffbddp-15
0x0p+0
0x0p+0
0x0p+0
0x1.ffffffffffbddp-15
0x0p+0
0x0p+0
0x0p+0
0x1.fffffffffffdfp-5 0x1.0000000000011p-4
0x1.ffffffffffbddp-15
0x0p+0
0x0p+0
0x0p+0
0x1.fffffffffffdfp-5 0x1.0000000000011p-4
0x1.ffffffffffbddp-15
0x0p+0
0x0p+0
0x0p+0
0x1.fffffffffffdfp-5 0x1.0000000000011p-4
0x1.ffffffffffbddp-15
0x0p+0
0x0p+0
0x0p+0
0x1.fffffffffffdfp-5 0x1.0000000000011p-4
0x1.0044dbc1044e4p-10
0x0p+0
0x0p+0
0x0p+0
0x1.0044dbc1044e4p-10
0x0p+0
0x0p+0
0x0p+0
0x1.00226b90226b7p-3 0x1.00226b90226c1p-3
0x1.0044dbc1044e4p-10
0x0p+0
0x0p+0
0x0p+0
0x1.00226b90226b7p-3 0x1.00226b90226c1p-3
0x1.0044dbc1044e4p-10
0x0p+0
0x0p+0
0x0p+0
0x1.00226b90226b7p-3 0x1.00226b90226c1p-3
0x1.0044dbc1044e4p-10
0x0p+0
0x0p+0
0x0p+0
0x1.00226b90226b7p-3 0x1.00226b90226c1p-3
0x1.043c1e04b140dp-11
0x0p+0
0x0p+0
0x0p+0
0x1.043c1e04b140dp-11
0x0p+0
0x0p+0
0x0p+0
0x1.021bd5d34b77fp-5 0x1.021bd5d34b801p-5
0x1.043c1e04b140dp-11
0x0p+0
0x0p+0
0x0p+0
0x1.021bd5d34b77fp-5 0x1.021bd5d34b801p-5
0x1.043c1e04b140dp-11
0x0p+0
0x0p+0
0x0p+0
0x1.021bd5d34b77fp-5 0x1.021bd5d34b801p-5
0x1.043c1e04b140dp-11
0x0p+0
0x0p+0
0x0p+0
0x1.021bd5d34b77fp-5 0x1.021bd5d34b801p-5
0x1.01c7303ffbb25p-8
0x0p+0
0x0p+0
0x0p+0
0x1.01c7303ffbb25p-8
0x0p+0
0x0p+0
0x0p+0
0x1.00e3334dfa8dfp-4 0x1.00e3334dfa921p-4
0x1.01c7303ffbb25p-8
0x0p+0
0x0p+0
0x0p+0
0x1.00e3334dfa8dfp-4 0x1.00e3334dfa921p-4
0x1.01c7303ffbb25p-8
0x0p+0
0x0p+0
0x0p+0
0x1.00e3334dfa8dfp-4 0x1.00e3334dfa921p-4
0x1.01c7303ffbb25p-8
0x0p+0
0x0p+0
0x0p+0
0x1.00e3334dfa8dfp-4 0x1.00e3334dfa921p-4
0x1.005f4a5970d42p-6
0x0p+0
0x0p+0
0x0p+0
0x1.005f4a5970d42p-6
0x0p+0
0x0p+0
0x0p+0
0x1.002fa0be82f97p-3 0x1.002fa0be82fa9p-3
0x1.005f4a5970d42p-6
0x0p+0
0x0p+0
0x0p+0
0x1.002fa0be82f97p-3 0x1.002fa0be82fa9p-3
0x1.005f4a5970d42p-6
0x0p+0
0x0p+0
0x0p+0
0x1.002fa0be82f97p-3 0x1.002fa0be82fa9p-3
0x1.005f4a5970d42p-6
0x0p+0
0x0p+0
0x0p+0
0x1.002fa0be82f97p-3 0x1.002fa0be82fa9p-3
0x1.03ab0074b5792p-10
0x0p+0
0x0p+0
0x0p+0
0x1.03ab0074b5792p-10
0x0p+0
0x0p+0
0x0p+0
0x1.01d3d4c16583fp-5 0x1.01d3d4c1658c1p-5
0x1.03ab0074b5792p-10
0x0p+0
0x0p+0
0x0p+0
0x1.01d3d4c16583fp-5 0x1.01d3d4c1658c1p-5
0x1.03ab0074b5792p-10
0x0p+0
0x0p+0
0x0p+0
0x1.01d3d4c16583fp-5 0x1.01d3d4c1658c1p-5
0x1.03ab0074b5792p-10
0x0p+0
0x0p+0
0x0p+0
0x1.01d3d4c16583fp-5 0x1.01d3d4c1658c1p-5
0x1.002f9e8768454p-11
0x0p+0
0x0p+0
0x0p+0
0x1.002f9e8768454p-11
0x0p+0
0x0p+0
0x0p+0
0x1.0017ce285b81fp-6 0x1.0017ce285b861p-6
0x1.002f9e8768454p-11
0x0p+0
0x0p+0
0x0p+0
0x1.0017ce285b81fp-6 0x1.0017ce285b861p-6
0x1.002f9e8768454p-11
0x0p+0
0x0p+0
0x0p+0
0x1.0017ce285b81fp-6 0x1.0017ce285b861p-6
0x1.002f9e8768454p-11
0x0p+0
0x0p+0
0x0p+0
0x1.0017ce285b81fp-6 0x1.0017ce285b861p-6
0x1.002fa2f59da68p-9
0x0p+0
0x0p+0
0x0p+0
0x1.002fa2f59da68p-9
0x0p+0
0x0p+0
0x0p+0
0x1.0017d05f4179fp-4 0x1.0017d05f417e1p-4
0x1.002fa2f59da68p-9
0x0p+0
0x0p+0
0x0p+0
0x1.0017d05f4179fp-4 0x1.0017d05f417e1p-4
0x1.002fa2f59da68p-9
0x0p+0
0x0p+0
0x0p+0
0x1.0017d05f4179fp-4 0x1.0017d05f417e1p-4
0x1.002fa2f59da68p-9
0x0p+0
0x0p+0
0x0p+0
0x1.0017d05f4179fp-4 0x1.0017d05f417e1p-4
0x1.025816a3c490ep-9
0x0p+0
0x0p+0
0x0p+0
0x1.025816a3c490ep-9
0x0p+0
0x0p+0
0x0p+0
0x1.012b5c4987c8fp-4 0x1.012b5c4987cb1p-4
0x1.025816a3c490ep-9
0x0p+0
0x0p+0
0x0p+0
0x1.012b5c4987c8fp-4 0x1.012b5c4987cb1p-4
0x1.025816a3c490ep-9
0x0p+0
0x0p+0
0x0p+0
0x1.012b5c4987c8fp-4 0x1.012b5c4987cb1p-4
0x1.025816a3c490ep-9
0x0p+0
0x0p+0
0x0p+0
0x1.012b5c4987c8fp-4 0x1.012b5c4987cb1p-4
0x1.fffffffffff75p-8
0x0p+0
0x0p+0
0x0p+0
0x1.fffffffffff75p-8
0x0p+0
0x0p+0
0x0p+0
0x1.ffffffffffff7p-2 0x1.0000000000009p-1
0x1.fffffffffff75p-8
0x0p+0
0x0p+0
0x0p+0
0x1.ffffffffffff7p-2 0x1.0000000000009p-1
0x1.fffffffffff75p-8
0x0p+0
0x0p+0
0x0p+0
0x1.ffffffffffff7p-2 0x1.0000000000009p-1
0x1.fffffffffff75p-8
0x0p+0
0x0p+0
0x0p+0
0x1.ffffffffffff7p-2 0x1.0000000000009p-1
0x1.fffffffffff5dp-10
0x0p+0
0x0p+0
0x0p+0
0x1.fffffffffff5dp-10
0x0p+0
0x0p+0
0x0p+0
0x1.fffffffffffdfp-4 0x1.0000000000011p-3
0x1.fffffffffff5dp-10
0x0p+0
0x0p+0
0x0p+0
0x1.fffffffffffdfp-4 0x1.0000000000011p-3
0x1.fffffffffff5dp-10
0x0p+0
0x0p+0
0x0p+0
0x1.fffffffffffdfp-4 0x1.0000000000011p-3
0x1.fffffffffff5dp-10
0x0p+0
0x0p+0
0x0p+0
0x1.fffffffffffdfp-4 0x1.0000000000011p-3
0x1.ffffffffffebdp-11
0x0p+0
0x0p+0
0x0p+0
0x1.ffffffffffebdp-11
0x0p+0
0x0p+0
0x0p+0
0x1.ffffffffffeffp-7 0x1.0000000000081p-6
0x1.ffffffffffebdp-11
0x0p+0
0x0p+0
0x0p+0
0x1.ffffffffffeffp-7 0x1.0000000000081p-6
0x1.ffffffffffebdp-11
0x0p+0
0x0p+0
0x0p+0
0x1.ffffffffffeffp-7 0x1.0000000000081p-6
0x1.ffffffffffebdp-11
0x0p+0
0x0p+0
0x0p+0
0x1.ffffffffffeffp-7 0x1.0000000000081p-6
0x1.ffffffffffe7dp-13
0x0p+0
0x0p+0
0x0p+0
0x1.ffffffffffe7dp-13
0x0p+0
0x0p+0
0x0p+0
0x1.fffffffffff7fp-7 0x1.0000000000041p-6
0x1.ffffffffffe7dp-13
0x0p+0
0x0p+0
0x0p+0
0x1.fffffffffff7fp-7 0x1.0000000000041p-6
0x1.ffffffffffe7dp-13
0x0p+0
0x0p+0
0x0p+0
0x1.fffffffffff7fp-7 0x1.0000000000041p-6
0x1.ffffffffffe7dp-13
0x0p+0
0x0p+0
0x0p+0
0x1.fffffffffff7fp-7 0x1.0000000000041p-6
0x1.ffffffffffefdp-11
0x0p+0
0x0p+0
0x0p+0
0x1.ffffffffffefdp-11
0x0p+0
0x0p+0
0x0p+0
0x1.fffffffffff7fp-6 0x1.0000000000041p-5
0x1.ffffffffffefdp-11
0x0p+0
0x0p+0
0x0p+0
0x1.fffffffffff7fp-6 0x1.0000000000041p-5
0x1.ffffffffffefdp-11
0x0p+0
0x0p+0
0x0p+0
0x1.fffffffffff7fp-6 0x1.0000000000041p-5
0x1.ffffffffffefdp-11
0x0p+0
0x0p+0
0x0p+0
0x1.fffffffffff7fp-6 0x1.0000000000041p-5
0x1.26ad4a947a48p-6
0x0p+0
0x0p+0
0x0p+0
0x1.26ad4a947a48p-6
0x0p+0
0x0p+0
0x0p+0
0x1.12a8936bc0727p-2 0x1.12a8936bc0739p-2
0x1.26ad4a947a48p-6
0x0p+0
0x0p+0
0x0p+0
0x1.12a8936bc0727p-2 0x1.12a8936bc0739p-2
0x1.26ad4a947a48p-6
0x0p+0
0x0p+0
0x0p+0
0x1.12a8936bc0727p-2 0x1.12a8936bc0739p-2
0x1.26ad4a947a48p-6
0x0p+0
0x0p+0
0x0p+0
0x1.12a8936bc0727p-2 0x1.12a8936bc0739p-2
0x1.0dcba19a2fad1p-8
0x0p+0
0x0p+0
0x0p+0
0x1.0dcba19a2fad1p-8
0x0p+0
0x0p+0
0x0p+0
0x1.06cea584961bfp-6 0x1.06cea58496241p-6
0x1.0dcba19a2fad1p-8
0x0p+0
0x0p+0
0x0p+0
0x1.06cea584961bfp-6 0x1.06cea58496241p-6
0x1.0dcba19a2fad1p-8
0x0p+0
0x0p+0
0x0p+0
0x1.06cea584961bfp-6 0x1.06cea58496241p-6
0x1.0dcba19a2fad1p-8
0x0p+0
0x0p+0
0x0p+0
0x1.06cea584961bfp-6 0x1.06cea58496241p-6
0x1.1a5c9fbd405a9p-10
0x0p+0
0x0p+0
0x0p+0
0x1.1a5c9fbd405a9p-10
0x0p+0
0x0p+0
0x0p+0
0x1.0cdba5dda23bfp-5 0x1.0cdba5dda2441p-5
0x1.1a5c9fbd405a9p-10
0x0p+0
0x0p+0
0x0p+0
0x1.0cdba5dda23bfp-5 0x1.0cdba5dda2441p-5
0x1.1a5c9fbd405a9p-10
0x0p+0
0x0p+0
0x0p+0
0x1.0cdba5dda23bfp-5 0x1.0cdba5dda2441p-5
0x1.1a5c9fbd405a9p-10
0x0p+0
0x0p+0
0x0p+0
0x1.0cdba5dda23bfp-5 0x1.0cdba5dda2441p-5
0x1.02852a00e53afp-10
0x0p+0
0x0p+0
0x0p+0
0x1.02852a00e53afp-10
0x0p+0
0x0p+0
0x0p+0
0x1.0141cac165d3fp-5 0x1.0141cac165d81p-5
0x1.02852a00e53afp-10
0x0p+0
0x0p+0
0x0p+0
0x1.0141cac165d3fp-5 0x1.0141cac165d81p-5
0x1.02852a00e53afp-10
0x0p+0
0x0p+0
0x0p+0
0x1.0141cac165d3fp-5 0x1.0141cac165d81p-5
0x1.02852a00e53afp-10
0x0p+0
0x0p+0
0x0p+0
0x1.0141cac165d3fp-5 0x1.0141cac165d81p-5
0x1.02852a00e544cp-8
0x0p+0
0x0p+0
0x0p+0
0x1.02852a00e544cp-8
0x0p+0
0x0p+0
0x0p+0
0x1.0141cac165d5bp-2 0x1.0141cac165d65p-2
0x1.02852a00e544cp-8
0x0p+0
0x0p+0
0x0p+0
0x1.0141cac165d5bp-2 0x1.0141cac165d65p-2
0x1.02852a00e544cp-8
0x0p+0
0x0p+0
0x0p+0
0x1.0141cac165d5bp-2 0x1.0141cac165d65p-2
0x1.02852a00e544cp-8
0x0p+0
0x0p+0
0x0p+0
0x1.0141cac165d5bp-2 0x1.0141cac165d65p-2
0x1.0b2a541e5e1fcp-6
0x0p+0
0x0p+0
0x0p+0
0x1.0b2a541e5e1fcp-6
0x0p+0
0x0p+0
0x0p+0
0x1.0585e9799871fp-4 0x1.0585e97998741p-4
0x1.0b2a541e5e1fcp-6
0x0p+0
0x0p+0
0x0p+0
0x1.0585e9799871fp-4 0x1.0585e97998741p-4
0x1.0b2a541e5e1fcp-6
0x0p+0
0x0p+0
0x0p+0
0x1.0585e9799871fp-4 0x1.0585e97998741p-4
0x1.0b2a541e5e1fcp-6
0x0p+0
0x0p+0
0x0p+0
0x1.0585e9799871fp-4 0x1.0585e97998741p-4
0x1.179bf5ea18c92p-8
0x0p+0
0x0p+0
0x0p+0
0x1.179bf5ea18c92p-8
0x0p+0
0x0p+0
0x0p+0
0x1.0b8b583dea7bfp-6 0x1.0b8b583dea841p-6
0x1.179bf5ea18c92p-8
0x0p+0
0x0p+0
0x0p+0
0x1.0b8b583dea7bfp-6 0x1.0b8b583dea841p-6
0x1.179bf5ea18c92p-8
0x0p+0
0x0p+0
0x0p+0
0x1.0b8b583dea7bfp-6 0x1.0b8b583dea841p-6
0x1.179bf5ea18c92p-8
0x0p+0
0x0p+0
0x0p+0
0x1.0b8b583dea7bfp-6 0x1.0b8b583dea841p-6
0x1.ffffffffffd7dp-12
0x0p+0
0x0p+0
0x0p+0
0x1.ffffffffffd7dp-12
0x0p+0
0x0p+0
0x0p+0
0x1.fffffffffff7fp-6 0x1.0000000000041p-5
0x1.ffffffffffd7dp-12
0x0p+0
0x0p+0
0x0p+0
0x1.fffffffffff7fp-6 0x1.0000000000041p-5
0x1.ffffffffffd7dp-12
0x0p+0
0x0p+0
0x0p+0
0x1.fffffffffff7fp-6 0x1.0000000000041p-5
0x1.ffffffffffd7dp-12
0x0p+0
0x0p+0
0x0p+0
0x1.fffffffffff7fp-6 0x1.0000000000041p-5
0x1.fffffffffffd9p-8
0x0p+0
0x0p+0
0x0p+0
0x1.fffffffffffd9p-8
0x0p+0
0x0p+0
0x0p+0
0x1.ffffffffffffbp-3 0x1.0000000000003p-2
0x1.fffffffffffd9p-8
0x0p+0
0x0p+0
0x0p+0
0x1.ffffffffffffbp-3 0x1.0000000000003p-2
0x1.fffffffffffd9p-8
0x0p+0
0x0p+0
0x0p+0
0x1.ffffffffffffbp-3 0x1.0000000000003p-2
0x1.fffffffffffd9p-8
0x0p+0
0x0p+0
0x0p+0
0x1.ffffffffffffbp-3 0x1.0000000000003p-2
0x1.fffffffffff9dp-9
0x0p+0
0x0p+0
0x0p+0
0x1.fffffffffff9dp-9
0x0p+0
0x0p+0
0x0p+0
0x1.fffffffffffdfp-5 0x1.0000000000011p-4
0x1.fffffffffff9dp-9
0x0p+0
0x0p+0
0x0p+0
0x1.fffffffffffdfp-5 0x1.0000000000011p-4
0x1.fffffffffff9dp-9
0x0p+0
0x0p+0
0x0p+0
0x1.fffffffffffdfp-5 0x1.0000000000011p-4
0x1.fffffffffff9dp-9
0x0p+0
0x0p+0
0x0p+0
0x1.fffffffffffdfp-5 0x1.0000000000011p-4
0x1.fffffffffffddp-7
0x0p+0
0x0p+0
0x0p+0
0x1.fffffffffffddp-7
0x0p+0
0x0p+0
0x0p+0
0x1.fffffffffffefp-5 0x1.0000000000009p-4
0x1.fffffffffffddp-7
0x0p+0
0x0p+0
0x0p+0
0x1.fffffffffffefp-5 0x1.0000000000009p-4
0x1.fffffffffffddp-7
0x0p+0
0x0p+0
0x0p+0
0x1.fffffffffffefp-5 0x1.0000000000009p-4
0x1.fffffffffffddp-7
0x0p+0
0x0p+0
0x0p+0
0x1.fffffffffffefp-5 0x1.0000000000009p-4
0x1.fffffffffffb5p-8
0x0p+0
0x0p+0
0x0p+0
0x1.fffffffffffb5p-8
0x0p+0
0x0p+0
0x0p+0
0x1.ffffffffffff7p-4 0x1.0000000000005p-3
0x1.fffffffffffb5p-8
0x0p+0
0x0p+0
0x0p+0
0x1.ffffffffffff7p-4 0x1.0000000000005p-3
0x1.fffffffffffb5p-8
0x0p+0
0x0p+0
0x0p+0
0x1.ffffffffffff7p-4 0x1.0000000000005p-3
0x1.fffffffffffb5p-8
0x0p+0
0x0p+0
0x0p+0
0x1.ffffffffffff7p-4 0x1.0000000000005p-3
