{
  "case": "n=12 L=99/25=3.9600",
  "row_run": {
    "grids": [
      26,
      35,
      43
    ],
    "densities": [
      8.427,
      11.46,
      14.157
    ],
    "orbits": 511,
    "sites": 3737,
    "rows_per_direction": 3,
    "max_rounds": 60,
    "rounds": 23,
    "rows": 5481,
    "objective": 12.217676366606284,
    "stopped": "converged: every placement covers mass 1",
    "seconds": 21.625,
    "separation_seconds": 9.474,
    "lp_seconds": 12.136,
    "separation_share": 0.4384,
    "peak_support": 529,
    "timings": [
      {
        "index": 0,
        "separation_s": 4.891,
        "lp_s": 0.071,
        "rows_held": 504,
        "rows_added": 504,
        "violated": 543,
        "support": 0,
        "objective": 9.575277
      },
      {
        "index": 1,
        "separation_s": 0.049,
        "lp_s": 0.079,
        "rows_held": 823,
        "rows_added": 319,
        "violated": 543,
        "support": 173,
        "objective": 10.142857
      },
      {
        "index": 2,
        "separation_s": 0.041,
        "lp_s": 0.142,
        "rows_held": 1118,
        "rows_added": 295,
        "violated": 543,
        "support": 152,
        "objective": 11.303226
      },
      {
        "index": 3,
        "separation_s": 0.034,
        "lp_s": 0.153,
        "rows_held": 1457,
        "rows_added": 339,
        "violated": 543,
        "support": 132,
        "objective": 11.736945
      },
      {
        "index": 4,
        "separation_s": 0.064,
        "lp_s": 0.204,
        "rows_held": 1805,
        "rows_added": 348,
        "violated": 543,
        "support": 213,
        "objective": 11.9463
      },
      {
        "index": 5,
        "separation_s": 0.051,
        "lp_s": 0.252,
        "rows_held": 2103,
        "rows_added": 298,
        "violated": 543,
        "support": 189,
        "objective": 12.012735
      },
      {
        "index": 6,
        "separation_s": 0.078,
        "lp_s": 0.372,
        "rows_held": 2438,
        "rows_added": 335,
        "violated": 543,
        "support": 241,
        "objective": 12.052455
      },
      {
        "index": 7,
        "separation_s": 0.092,
        "lp_s": 0.357,
        "rows_held": 2742,
        "rows_added": 304,
        "violated": 543,
        "support": 249,
        "objective": 12.077217
      },
      {
        "index": 8,
        "separation_s": 0.076,
        "lp_s": 0.405,
        "rows_held": 3085,
        "rows_added": 343,
        "violated": 543,
        "support": 229,
        "objective": 12.107097
      },
      {
        "index": 9,
        "separation_s": 0.091,
        "lp_s": 0.487,
        "rows_held": 3379,
        "rows_added": 294,
        "violated": 510,
        "support": 257,
        "objective": 12.145254
      },
      {
        "index": 10,
        "separation_s": 0.141,
        "lp_s": 0.486,
        "rows_held": 3716,
        "rows_added": 337,
        "violated": 543,
        "support": 305,
        "objective": 12.159747
      },
      {
        "index": 11,
        "separation_s": 0.216,
        "lp_s": 0.727,
        "rows_held": 4001,
        "rows_added": 285,
        "violated": 519,
        "support": 393,
        "objective": 12.175585
      },
      {
        "index": 12,
        "separation_s": 0.148,
        "lp_s": 0.66,
        "rows_held": 4367,
        "rows_added": 366,
        "violated": 528,
        "support": 333,
        "objective": 12.190293
      },
      {
        "index": 13,
        "separation_s": 0.241,
        "lp_s": 0.682,
        "rows_held": 4606,
        "rows_added": 239,
        "violated": 468,
        "support": 405,
        "objective": 12.202589
      },
      {
        "index": 14,
        "separation_s": 0.296,
        "lp_s": 0.759,
        "rows_held": 4746,
        "rows_added": 140,
        "violated": 309,
        "support": 437,
        "objective": 12.206004
      },
      {
        "index": 15,
        "separation_s": 0.309,
        "lp_s": 0.85,
        "rows_held": 4912,
        "rows_added": 166,
        "violated": 306,
        "support": 445,
        "objective": 12.208986
      },
      {
        "index": 16,
        "separation_s": 0.358,
        "lp_s": 0.827,
        "rows_held": 5037,
        "rows_added": 125,
        "violated": 270,
        "support": 465,
        "objective": 12.214631
      },
      {
        "index": 17,
        "separation_s": 0.603,
        "lp_s": 0.968,
        "rows_held": 5199,
        "rows_added": 162,
        "violated": 360,
        "support": 529,
        "objective": 12.215821
      },
      {
        "index": 18,
        "separation_s": 0.398,
        "lp_s": 0.915,
        "rows_held": 5329,
        "rows_added": 130,
        "violated": 246,
        "support": 489,
        "objective": 12.216974
      },
      {
        "index": 19,
        "separation_s": 0.309,
        "lp_s": 0.953,
        "rows_held": 5401,
        "rows_added": 72,
        "violated": 159,
        "support": 449,
        "objective": 12.217539
      },
      {
        "index": 20,
        "separation_s": 0.382,
        "lp_s": 0.934,
        "rows_held": 5456,
        "rows_added": 55,
        "violated": 108,
        "support": 477,
        "objective": 12.217676
      },
      {
        "index": 21,
        "separation_s": 0.288,
        "lp_s": 0.853,
        "rows_held": 5481,
        "rows_added": 25,
        "violated": 45,
        "support": 433,
        "objective": 12.217676
      },
      {
        "index": 22,
        "separation_s": 0.321,
        "lp_s": 0.0,
        "rows_held": 5481,
        "rows_added": 0,
        "violated": 0,
        "support": 453,
        "objective": 12.217676
      }
    ]
  },
  "pricing": {
    "dual_squares_s": 0.004,
    "rank_candidates_s": 0.51,
    "total_s": 0.514,
    "support": 32,
    "candidates": 1,
    "best_averaged_depth": 1.3370154387016004,
    "share_of_round": 0.0238
  },
  "least_covered": 0.9999999999999977,
  "round_timings_exact": [
    {
      "index": 0,
      "separation_seconds": 4.89069129399968,
      "lp_seconds": 0.07102206800027488,
      "rows_held": 504,
      "rows_added": 504,
      "violated": 543,
      "support": 0,
      "objective": 9.575276575276565
    },
    {
      "index": 1,
      "separation_seconds": 0.04863171099987085,
      "lp_seconds": 0.07945706100008465,
      "rows_held": 823,
      "rows_added": 319,
      "violated": 543,
      "support": 173,
      "objective": 10.142857142857146
    },
    {
      "index": 2,
      "separation_seconds": 0.041099126000062824,
      "lp_seconds": 0.14239325599965014,
      "rows_held": 1118,
      "rows_added": 295,
      "violated": 543,
      "support": 152,
      "objective": 11.303225806451614
    },
    {
      "index": 3,
      "separation_seconds": 0.033940189000077226,
      "lp_seconds": 0.15310604099977354,
      "rows_held": 1457,
      "rows_added": 339,
      "violated": 543,
      "support": 132,
      "objective": 11.73694516031501
    },
    {
      "index": 4,
      "separation_seconds": 0.06427467999992587,
      "lp_seconds": 0.2040089749998515,
      "rows_held": 1805,
      "rows_added": 348,
      "violated": 543,
      "support": 213,
      "objective": 11.946300420687953
    },
    {
      "index": 5,
      "separation_seconds": 0.050967644000138534,
      "lp_seconds": 0.25151434100007464,
      "rows_held": 2103,
      "rows_added": 298,
      "violated": 543,
      "support": 189,
      "objective": 12.012734552120014
    },
    {
      "index": 6,
      "separation_seconds": 0.07757890699986092,
      "lp_seconds": 0.37173491800012926,
      "rows_held": 2438,
      "rows_added": 335,
      "violated": 543,
      "support": 241,
      "objective": 12.05245496291063
    },
    {
      "index": 7,
      "separation_seconds": 0.09244002800005546,
      "lp_seconds": 0.35670751799989375,
      "rows_held": 2742,
      "rows_added": 304,
      "violated": 543,
      "support": 249,
      "objective": 12.07721719668003
    },
    {
      "index": 8,
      "separation_seconds": 0.07554993400026433,
      "lp_seconds": 0.404853120000098,
      "rows_held": 3085,
      "rows_added": 343,
      "violated": 543,
      "support": 229,
      "objective": 12.107096648035585
    },
    {
      "index": 9,
      "separation_seconds": 0.09111531400003514,
      "lp_seconds": 0.4869522330000109,
      "rows_held": 3379,
      "rows_added": 294,
      "violated": 510,
      "support": 257,
      "objective": 12.14525373968964
    },
    {
      "index": 10,
      "separation_seconds": 0.1407608210001854,
      "lp_seconds": 0.4858025369999268,
      "rows_held": 3716,
      "rows_added": 337,
      "violated": 543,
      "support": 305,
      "objective": 12.159747332704033
    },
    {
      "index": 11,
      "separation_seconds": 0.2161162269999295,
      "lp_seconds": 0.7266682320000655,
      "rows_held": 4001,
      "rows_added": 285,
      "violated": 519,
      "support": 393,
      "objective": 12.175584616555257
    },
    {
      "index": 12,
      "separation_seconds": 0.14823028799992244,
      "lp_seconds": 0.6603480869998748,
      "rows_held": 4367,
      "rows_added": 366,
      "violated": 528,
      "support": 333,
      "objective": 12.19029288986806
    },
    {
      "index": 13,
      "separation_seconds": 0.2405656870000712,
      "lp_seconds": 0.682153417000336,
      "rows_held": 4606,
      "rows_added": 239,
      "violated": 468,
      "support": 405,
      "objective": 12.202588685765212
    },
    {
      "index": 14,
      "separation_seconds": 0.29633104399999866,
      "lp_seconds": 0.7587527780001437,
      "rows_held": 4746,
      "rows_added": 140,
      "violated": 309,
      "support": 437,
      "objective": 12.206003669952421
    },
    {
      "index": 15,
      "separation_seconds": 0.3093907920001584,
      "lp_seconds": 0.8500769799998125,
      "rows_held": 4912,
      "rows_added": 166,
      "violated": 306,
      "support": 445,
      "objective": 12.20898580108819
    },
    {
      "index": 16,
      "separation_seconds": 0.35755025500020565,
      "lp_seconds": 0.8265003859996796,
      "rows_held": 5037,
      "rows_added": 125,
      "violated": 270,
      "support": 465,
      "objective": 12.214630560809828
    },
    {
      "index": 17,
      "separation_seconds": 0.6025193569998919,
      "lp_seconds": 0.9679866960000254,
      "rows_held": 5199,
      "rows_added": 162,
      "violated": 360,
      "support": 529,
      "objective": 12.215821008337892
    },
    {
      "index": 18,
      "separation_seconds": 0.39762062399995557,
      "lp_seconds": 0.9153656280000178,
      "rows_held": 5329,
      "rows_added": 130,
      "violated": 246,
      "support": 489,
      "objective": 12.216974203809631
    },
    {
      "index": 19,
      "separation_seconds": 0.3086432740001328,
      "lp_seconds": 0.953340212999592,
      "rows_held": 5401,
      "rows_added": 72,
      "violated": 159,
      "support": 449,
      "objective": 12.217538569118492
    },
    {
      "index": 20,
      "separation_seconds": 0.38204157599966493,
      "lp_seconds": 0.9339934159997938,
      "rows_held": 5456,
      "rows_added": 55,
      "violated": 108,
      "support": 477,
      "objective": 12.21767630311833
    },
    {
      "index": 21,
      "separation_seconds": 0.28771125299999767,
      "lp_seconds": 0.8531475199997658,
      "rows_held": 5481,
      "rows_added": 25,
      "violated": 45,
      "support": 433,
      "objective": 12.217676366606286
    },
    {
      "index": 22,
      "separation_seconds": 0.3205433759999323,
      "lp_seconds": 0.0,
      "rows_held": 5481,
      "rows_added": 0,
      "violated": 0,
      "support": 453,
      "objective": 12.217676366606284
    }
  ],
  "workers": 16,
  "worker_model": "ProcessPoolExecutor over directions",
  "start_method": "forkserver",
  "parent_pid": 14742
}
