REPLAY 500 of 12028 seconds 28.56526387500344
REPLAY 1000 of 12028 seconds 52.025860541005386
REPLAY 1500 of 12028 seconds 73.32917520801129
REPLAY 2000 of 12028 seconds 94.81915150000714
REPLAY 2500 of 12028 seconds 116.87552325001161
REPLAY 3000 of 12028 seconds 139.23815225000726
REPLAY 3500 of 12028 seconds 161.69866020799964
REPLAY 4000 of 12028 seconds 184.23391883300792
REPLAY 4500 of 12028 seconds 209.0192488330067
REPLAY 5000 of 12028 seconds 231.9820486660028
REPLAY 5500 of 12028 seconds 254.31389375000435
REPLAY 6000 of 12028 seconds 276.86359525000444
REPLAY 6500 of 12028 seconds 299.4338187500107
REPLAY 7000 of 12028 seconds 322.3858026250091
REPLAY 7500 of 12028 seconds 345.17556737500126
REPLAY 8000 of 12028 seconds 368.0561676250072
REPLAY 8500 of 12028 seconds 391.0582007910125
REPLAY 9000 of 12028 seconds 414.42197837500134
REPLAY 9500 of 12028 seconds 441.02077941600874
REPLAY 10000 of 12028 seconds 466.14675291599997
REPLAY 10500 of 12028 seconds 491.82111741600966
REPLAY 11000 of 12028 seconds 516.9468730410008
REPLAY 11500 of 12028 seconds 541.935695541004
REPLAY 12000 of 12028 seconds 568.407547958006
{
  "status": "PASS_FULL_EXACT_PYTHON_REPLAY",
  "certificate_sha256": "57e9927da5c13f42dd8bcbf8f08c84363635fece626657ee63a810c61cd44458",
  "parent_side": "764/775",
  "bound": "31/8",
  "intervals": 12028,
  "budget_units": 10999479944,
  "minimum_units": 999962528,
  "strict_core_margin": "1/1000000000000",
  "counting_surplus_units": 107864,
  "slabs": 86299918,
  "cells": 511649694680,
  "seconds": 569.9525418749981
}
