REPLAY 500 of 7853 seconds 16.658362624999427
REPLAY 1000 of 7853 seconds 32.339682208999875
REPLAY 1500 of 7853 seconds 48.56270141699497
REPLAY 2000 of 7853 seconds 65.24130045899801
REPLAY 2500 of 7853 seconds 81.84440929199627
REPLAY 3000 of 7853 seconds 98.42597283399664
REPLAY 3500 of 7853 seconds 115.03159266699367
REPLAY 4000 of 7853 seconds 130.79398116699304
REPLAY 4500 of 7853 seconds 145.17044354199606
REPLAY 5000 of 7853 seconds 159.20424983399425
REPLAY 5500 of 7853 seconds 173.55024341699755
REPLAY 6000 of 7853 seconds 187.79698654199456
REPLAY 6500 of 7853 seconds 201.95019616699574
REPLAY 7000 of 7853 seconds 216.35087408399704
REPLAY 7500 of 7853 seconds 230.8928783339943
{
  "status": "PASS_FULL_EXACT_PYTHON_REPLAY",
  "certificate_sha256": "0288aaac680131aa675adb63ea6a67e3d363fcca6061d4c788301da7c5d69cec",
  "parent_side": "99853/100000",
  "bound": "461300/99853",
  "intervals": 7853,
  "budget_units": 16998427356,
  "minimum_units": 1000020517,
  "strict_core_margin": "1/1000000000000",
  "counting_surplus_units": 1921433,
  "slabs": 124557987,
  "cells": 1641130192125,
  "seconds": 241.21867024999665
}
