REPLAY 500 of 7853 seconds 16.65850195900566
REPLAY 1000 of 7853 seconds 31.75136675000249
REPLAY 1500 of 7853 seconds 47.30567950000113
REPLAY 2000 of 7853 seconds 62.72687508400122
REPLAY 2500 of 7853 seconds 77.98329862500395
REPLAY 3000 of 7853 seconds 93.40429483400658
REPLAY 3500 of 7853 seconds 108.90538941700652
REPLAY 4000 of 7853 seconds 123.80178216700006
REPLAY 4500 of 7853 seconds 138.1321888340026
REPLAY 5000 of 7853 seconds 152.1050072920043
REPLAY 5500 of 7853 seconds 166.3795740420028
REPLAY 6000 of 7853 seconds 180.32580712500203
REPLAY 6500 of 7853 seconds 194.43986920900352
REPLAY 7000 of 7853 seconds 208.62237554200692
REPLAY 7500 of 7853 seconds 222.9845722500031
{
  "status": "PASS_FULL_EXACT_PYTHON_REPLAY",
  "certificate_sha256": "0288aaac680131aa675adb63ea6a67e3d363fcca6061d4c788301da7c5d69cec",
  "parent_side": "99853/100000",
  "bound": "461300/99853",
  "intervals": 7853,
  "budget_units": 16998427356,
  "minimum_units": 1000020517,
  "strict_core_margin": "1/1000000000000",
  "counting_surplus_units": 1921433,
  "slabs": 124557987,
  "cells": 1641130192125,
  "seconds": 233.27995587500482
}
