{"completed": 10, "total": 201, "elapsed_seconds": 4.1062750816345215, "nodes": 195024}
{"completed": 20, "total": 201, "elapsed_seconds": 6.931709051132202, "nodes": 379084}
{"completed": 30, "total": 201, "elapsed_seconds": 14.012996196746826, "nodes": 548636}
{"completed": 40, "total": 201, "elapsed_seconds": 20.80136513710022, "nodes": 709702}
{"completed": 50, "total": 201, "elapsed_seconds": 23.992923259735107, "nodes": 866900}
{"completed": 60, "total": 201, "elapsed_seconds": 28.288921117782593, "nodes": 1025048}
{"completed": 70, "total": 201, "elapsed_seconds": 32.87075114250183, "nodes": 1185996}
{"completed": 80, "total": 201, "elapsed_seconds": 37.57990312576294, "nodes": 1351744}
{"completed": 90, "total": 201, "elapsed_seconds": 42.94886827468872, "nodes": 1866275}
{"completed": 100, "total": 201, "elapsed_seconds": 47.813194036483765, "nodes": 2047497}
{"completed": 110, "total": 201, "elapsed_seconds": 52.75897026062012, "nodes": 2241653}
{"completed": 120, "total": 201, "elapsed_seconds": 58.32044219970703, "nodes": 2449491}
{"completed": 130, "total": 201, "elapsed_seconds": 64.6406033039093, "nodes": 2661607}
{"completed": 140, "total": 201, "elapsed_seconds": 70.40846610069275, "nodes": 2877177}
{"completed": 150, "total": 201, "elapsed_seconds": 86.38023710250854, "nodes": 3098215}
{"completed": 160, "total": 201, "elapsed_seconds": 100.0979471206665, "nodes": 3332753}
{"completed": 170, "total": 201, "elapsed_seconds": 116.27304029464722, "nodes": 3583819}
{"completed": 180, "total": 201, "elapsed_seconds": 132.92978835105896, "nodes": 3860013}
{"completed": 190, "total": 201, "elapsed_seconds": 155.34198021888733, "nodes": 4166489}
{"completed": 200, "total": 201, "elapsed_seconds": 176.0172700881958, "nodes": 4499465}
{"completed": 201, "total": 201, "elapsed_seconds": 178.64784622192383, "nodes": 4533720}
{
  "status": "VERIFIED",
  "angle_cases": 201,
  "target_lower_bound_exact": "10001/10000",
  "nodes": 4533720,
  "leaves": 2446960,
  "minimum_printed_leaf_lower_bound": 1.0001000055431877,
  "wall_seconds": 178.6487250328064,
  "input_sha256": "227a681d9e47118161f93f1d8979990a77534a2d96fd29ef8a0c8e9cd9dfa589",
  "verifier_source_sha256": "a75140df1b484ad104a214d2e8de87afda9fca5929341ec40121afde0c1af602",
  "method": "Outward-rounded binary64 intervals; certified inscribed polygon area; derivative bounds over center boxes; rational angular net."
}
